Archive member included to satisfy reference by file (symbol)

C:/devkitPro/libctru/lib\libctru.a(synchronization.o)
                              main.o (__sync_init)
C:/devkitPro/libctru/lib\libctru.a(os.o)
                              errdisp.o (osGetTime)
C:/devkitPro/libctru/lib\libctru.a(srv.o)
                              main.o (srvInit)
C:/devkitPro/libctru/lib\libctru.a(mappable.o)
                              main.o (mappableInit)
C:/devkitPro/libctru/lib\libctru.a(pmapp.o)
                              main.o (pmAppInit)
C:/devkitPro/libctru/lib\libctru.a(cfgu.o)
                              luminance.o (cfguInit)
C:/devkitPro/libctru/lib\libctru.a(hid.o)
                              menu.o (hidInit)
C:/devkitPro/libctru/lib\libctru.a(mcuhwc.o)
                              sysconfig.o (mcuHwcInit)
C:/devkitPro/libctru/lib\libctru.a(ac.o)
                              sysconfig.o (acInit)
C:/devkitPro/libctru/lib\libctru.a(cdcchk.o)
                              shell.o (cdcChkGetSessionHandle)
C:/devkitPro/libctru/lib\libctru.a(apt.o)
                              menus.o (APT_HardwareResetAsync)
C:/devkitPro/libctru/lib\libctru.a(ndm.o)
                              minisoc.o (ndmuInit)
C:/devkitPro/libctru/lib\libctru.a(nwmext.o)
                              sysconfig.o (nwmExtInit)
C:/devkitPro/libctru/lib\libctru.a(pmdbg.o)
                              main.o (pmDbgInit)
C:/devkitPro/libctru/lib\libctru.a(srvpm.o)
                              C:/devkitPro/libctru/lib\libctru.a(srv.o) (srvPmGetSessionHandle)
C:/devkitPro/libctru/lib\libctru.a(gsplcd.o)
                              menus.o (gspLcdInit)
C:/devkitPro/libctru/lib\libctru.a(ptmsysm.o)
                              main.o (ptmSysmInit)
C:/devkitPro/libctru/lib\libctru.a(ptmsets.o)
                              ntp.o (ptmSetsInit)
C:/devkitPro/libctru/lib\libctru.a(fs.o)
                              main.o (fsInit)
C:/devkitPro/libctru/lib\libctru.a(soc_common.o)
                              minisoc.o (_net_convert_error)
C:/devkitPro/libctru/lib\libctru.a(utf8_to_utf16.o)
                              tio.o (utf8_to_utf16)
C:/devkitPro/libctru/lib\libctru.a(decode_utf8.o)
                              C:/devkitPro/libctru/lib\libctru.a(utf8_to_utf16.o) (decode_utf8)
C:/devkitPro/libctru/lib\libctru.a(ctru_init.o)
                              C:/devkitPro/libctru/lib\libctru.a(apt.o) (__system_retAddr)
C:/devkitPro/libctru/lib\libctru.a(initArgv.o)
                              C:/devkitPro/libctru/lib\libctru.a(ctru_init.o) (__system_initArgv)
C:/devkitPro/libctru/lib\libctru.a(svc.o)
                              draw.o (svcControlMemory)
C:/devkitPro/libctru/lib\libctru.a(env.o)
                              C:/devkitPro/libctru/lib\libctru.a(srv.o) (envGetHandle)
C:/devkitPro/libctru/lib\libctru.a(3dslink.o)
                              C:/devkitPro/libctru/lib\libctru.a(initArgv.o) (__3dslink_host)
C:/devkitPro/libctru/lib\libctru.a(thread.o)
                              C:/devkitPro/libctru/lib\libctru.a(apt.o) (threadCreate)
C:/devkitPro/libctru/lib\libctru.a(irrst.o)
                              C:/devkitPro/libctru/lib\libctru.a(hid.o) (irrstInit)
C:/devkitPro/libctru/lib\libctru.a(gspgpu.o)
                              C:/devkitPro/libctru/lib\libctru.a(apt.o) (GSPGPU_SetLcdForceBlack)
C:/devkitPro/libctru/lib\libctru.a(soc_connect.o)
                              C:/devkitPro/libctru/lib\libctru.a(3dslink.o) (connect)
C:/devkitPro/libctru/lib\libctru.a(soc_socket.o)
                              C:/devkitPro/libctru/lib\libctru.a(3dslink.o) (socket)
C:/devkitPro/libctru/lib\libctru.a(encode_utf16.o)
                              C:/devkitPro/libctru/lib\libctru.a(utf8_to_utf16.o) (encode_utf16)
C:/devkitPro/libctru/lib\libctru.a(syscalls.o)
                              C:/devkitPro/libctru/lib\libctru.a(thread.o) (initThreadVars)
C:/devkitPro/libctru/lib\libctru.a(allocateHeaps.o)
                              C:/devkitPro/libctru/lib\libctru.a(ctru_init.o) (__system_allocateHeaps)
C:/devkitPro/devkitARM/bin/../lib/gcc/arm-none-eabi/13.1.0/../../../../arm-none-eabi/lib/armv6k/fpu\libm.a(libm_a-sf_pow.o)
                              screen_filters.o (powf)
C:/devkitPro/devkitARM/bin/../lib/gcc/arm-none-eabi/13.1.0/../../../../arm-none-eabi/lib/armv6k/fpu\libm.a(libm_a-sf_exp2_data.o)
                              C:/devkitPro/devkitARM/bin/../lib/gcc/arm-none-eabi/13.1.0/../../../../arm-none-eabi/lib/armv6k/fpu\libm.a(libm_a-sf_pow.o) (__exp2f_data)
C:/devkitPro/devkitARM/bin/../lib/gcc/arm-none-eabi/13.1.0/../../../../arm-none-eabi/lib/armv6k/fpu\libm.a(libm_a-math_errf.o)
                              C:/devkitPro/devkitARM/bin/../lib/gcc/arm-none-eabi/13.1.0/../../../../arm-none-eabi/lib/armv6k/fpu\libm.a(libm_a-sf_pow.o) (__math_uflowf)
C:/devkitPro/devkitARM/bin/../lib/gcc/arm-none-eabi/13.1.0/../../../../arm-none-eabi/lib/armv6k/fpu\libm.a(libm_a-sf_pow_log2_data.o)
[...]
Memory Configuration

Name             Origin             Length             Attributes
*default*        0x00000000         0xffffffff

Linker script and memory map

                0x00100000                        PROVIDE (__start__ = 0x100000)
                0x00100000                        . = __start__

.text           0x14000000    0x19d30
 *(.crt0)
 .crt0          0x14000000       0x94 C:/devkitPro/devkitARM/bin/../lib/gcc/arm-none-eabi/13.1.0/../../../../arm-none-eabi/lib/armv6k/fpu/3dsx_crt0.o
                0x14000000                _start
                0x14000008                __service_ptr
                0x1400000c                __apt_appid
                0x14000010                __heap_size
                0x14000014                __linear_heap_size
                0x14000018                __system_arglist
                0x1400001c                __system_runflags
 *(.init)
 .init          0x14000094        0xc C:/devkitPro/devkitARM/bin/../lib/gcc/arm-none-eabi/13.1.0/armv6k/fpu/crti.o
                0x14000094                _init
 .init          0x140000a0        0xc C:/devkitPro/devkitARM/bin/../lib/gcc/arm-none-eabi/13.1.0/armv6k/fpu/crtn.o
                0x140000ac                        . = ALIGN (0x4)
 *(.text)
 .text          0x140000ac      0x20c C:/devkitPro/devkitARM/bin/../lib/gcc/arm-none-eabi/13.1.0/armv6k/fpu\libgcc.a(_udivsi3.o)
                0x140000ac                __aeabi_uidiv
                0x140000ac                __udivsi3
                0x14000298                __aeabi_uidivmod
 .text          0x140002b8      0x240 C:/devkitPro/devkitARM/bin/../lib/gcc/arm-none-eabi/13.1.0/armv6k/fpu\libgcc.a(_divsi3.o)
                0x140002b8                __divsi3
                0x140002b8                __aeabi_idiv
                0x140004d8                __aeabi_idivmod
 .text          0x140004f8        0x4 C:/devkitPro/devkitARM/bin/../lib/gcc/arm-none-eabi/13.1.0/armv6k/fpu\libgcc.a(_dvmd_tls.o)
                0x140004f8                __aeabi_idiv0
                0x140004f8                __aeabi_ldiv0
 .text          0x140004fc      0x3c0 C:/devkitPro/devkitARM/bin/../lib/gcc/arm-none-eabi/13.1.0/armv6k/fpu\libgcc.a(_arm_addsubdf3.o)
                0x140004fc                __aeabi_drsub
                0x14000504                __aeabi_dsub
                0x14000504                __subdf3
                0x14000508                __aeabi_dadd
                0x14000508                __adddf3
                0x140007b4                __floatunsidf
                0x140007b4                __aeabi_ui2d
                0x140007d8                __floatsidf
                0x140007d8                __aeabi_i2d
                0x14000800                __aeabi_f2d
                0x14000800                __extendsfdf2
                0x14000848                __floatundidf
                0x14000848                __aeabi_ul2d
                0x1400085c                __floatdidf
                0x1400085c                __aeabi_l2d
 .text          0x140008bc       0xd4 C:/devkitPro/devkitARM/bin/../lib/gcc/arm-none-eabi/13.1.0/armv6k/fpu\libgcc.a(_aeabi_ldivmod.o)
                0x140008bc                __aeabi_ldivmod
 .text          0x14000990       0x3c C:/devkitPro/devkitARM/bin/../lib/gcc/arm-none-eabi/13.1.0/armv6k/fpu\libgcc.a(_aeabi_uldivmod.o)
                0x14000990                __aeabi_uldivmod
 *fill*         0x140009cc       0x14 
 .text          0x140009e0      0x390 C:/devkitPro/devkitARM/bin/../lib/gcc/arm-none-eabi/13.1.0/../../../../arm-none-eabi/lib/armv6k/fpu\libg.a(libc_a-strcmp.o)
                0x140009e8                strcmp
 *(.text.*)
 .text.__do_global_dtors_aux
                0x14000d70       0x40 C:/devkitPro/devkitARM/bin/../lib/gcc/arm-none-eabi/13.1.0/armv6k/fpu/crtbegin.o
 .text.frame_dummy
                0x14000db0       0x2c C:/devkitPro/devkitARM/bin/../lib/gcc/arm-none-eabi/13.1.0/armv6k/fpu/crtbegin.o
 .text._thread_begin
                0x14000ddc       0x3c MyThread.o
 .text.MyThread_Create
                0x14000e18       0x1c MyThread.o
                0x14000e18                MyThread_Create
 .text.MyThread_Join
                0x14000e34       0x38 MyThread.o
                0x14000e34                MyThread_Join
 .text.bootdiagCreateThread
                0x14000e6c        0x8 bootdiag.o
                0x14000e6c                bootdiagCreateThread
 .text.Draw_ConvertFrameBufferLinesKernel
                0x14000e74      0x304 draw.o
 .text.Draw_Init
                0x14001178        0xc draw.o
                0x14001178                Draw_Init
 .text.Draw_Lock
                0x14001184        0xc draw.o
                0x14001184                Draw_Lock
 .text.Draw_Unlock
                0x14001190        0xc draw.o
                0x14001190                Draw_Unlock
 .text.Draw_DrawCharacter
                0x1400119c       0xcc draw.o
                0x1400119c                Draw_DrawCharacter
 .text.Draw_DrawString
                0x14001268      0x204 draw.o
                0x14001268                Draw_DrawString
 .text.Draw_DrawFormattedString
                0x1400146c       0x50 draw.o
                0x1400146c                Draw_DrawFormattedString
 .text.Draw_ClearFramebuffer
                0x140014bc       0x14 draw.o
                0x140014bc                Draw_ClearFramebuffer
 .text.Draw_AllocateFramebufferCache
                0x140014d0       0x78 draw.o
                0x140014d0                Draw_AllocateFramebufferCache
 .text.Draw_AllocateFramebufferCacheForScreenshot
                0x14001548       0xa8 draw.o
                0x14001548                Draw_AllocateFramebufferCacheForScreenshot
 .text.Draw_FreeFramebufferCache
                0x140015f0       0x5c draw.o
                0x140015f0                Draw_FreeFramebufferCache
 .text.Draw_GetFramebufferCache
                0x1400164c       0x10 draw.o
                0x1400164c                Draw_GetFramebufferCache
 .text.Draw_GetFramebufferCacheSize
                0x1400165c       0x10 draw.o
                0x1400165c                Draw_GetFramebufferCacheSize
 .text.Draw_SetupFramebuffer
                0x1400166c      0x11c draw.o
                0x1400166c                Draw_SetupFramebuffer
 .text.Draw_RestoreFramebuffer
                0x14001788       0xa0 draw.o
                0x14001788                Draw_RestoreFramebuffer
 .text.Draw_FlushFramebuffer
                0x14001828       0x18 draw.o
                0x14001828                Draw_FlushFramebuffer
 .text.Draw_GetCurrentFramebufferAddress
                0x14001840       0x74 draw.o
                0x14001840                Draw_GetCurrentFramebufferAddress
 .text.Draw_GetCurrentScreenInfo
                0x140018b4       0x44 draw.o
                0x140018b4                Draw_GetCurrentScreenInfo
 .text.Draw_CreateBitmapHeader
                0x140018f8       0x78 draw.o
                0x140018f8                Draw_CreateBitmapHeader
 .text.Draw_ConvertFrameBufferLines
                0x14001970       0x40 draw.o
                0x14001970                Draw_ConvertFrameBufferLines
 .text.ERRF_FormatGenericInfo
                0x140019b0      0x128 errdisp.o
 .text.ERRF_FormatError
                0x14001ad8      0x37c errdisp.o
 .text.errDispCreateThread
                0x14001e54       0x4c errdisp.o
                0x14001e54                errDispCreateThread
 .text.ERRF_HandleCommands
                0x14001ea0      0x328 errdisp.o
                0x14001ea0                ERRF_HandleCommands
 .text.errDispThreadMain
                0x140021c8      0x154 errdisp.o
                0x140021c8                errDispThreadMain
 .text.processNumber
                0x1400231c      0x1fc fmt.o
 .text.vsprintf
                0x14002518      0x470 fmt.o
                0x14002518                vsprintf
 .text.sprintf  0x14002988       0x28 fmt.o
                0x14002988                sprintf
 .text.GDB_InitializeContext
                0x140029b0       0x64 gdb.o
                0x140029b0                GDB_InitializeContext
 .text.GDB_AttachToProcess
                0x14002a14      0x128 gdb.o
                0x14002a14                GDB_AttachToProcess
 .text.GDB_DetachFromProcess
                0x14002b3c      0x1d8 gdb.o
                0x14002b3c                GDB_DetachFromProcess
 .text.GDB_CreateProcess
                0x14002d14       0x60 gdb.o
                0x14002d14                GDB_CreateProcess
 .text.GDB_HandleUnsupported
                0x14002d74        0x4 gdb.o
                0x14002d74                GDB_HandleUnsupported
 .text.GDB_HandleEnableExtendedMode
                0x14002d78       0x24 gdb.o
                0x14002d78                GDB_HandleEnableExtendedMode
 .text.IFile_Open
                0x14002d9c       0x70 ifile.o
                0x14002d9c                IFile_Open
 .text.IFile_OpenFromArchive
                0x14002e0c       0x58 ifile.o
                0x14002e0c                IFile_OpenFromArchive
 .text.IFile_Close
                0x14002e64        0x8 ifile.o
                0x14002e64                IFile_Close
 .text.IFile_GetSize
                0x14002e6c       0x24 ifile.o
                0x14002e6c                IFile_GetSize
 .text.IFile_SetSize
                0x14002e90       0x28 ifile.o
                0x14002e90                IFile_SetSize
 .text.IFile_Read
                0x14002eb8       0x98 ifile.o
                0x14002eb8                IFile_Read
 .text.IFile_Write
                0x14002f50       0x94 ifile.o
                0x14002f50                IFile_Write
 *fill*         0x14002fe4        0x4 
 .text.inputRedirectionThreadMain
                0x14002fe8      0x2b0 input_redirection.o
                0x14002fe8                inputRedirectionThreadMain
 .text.InputRedirection_DoUndoHidPatches
                0x14003298      0x288 input_redirection.o
 .text.inputRedirectionCreateThread
                0x14003520       0x4c input_redirection.o
                0x14003520                inputRedirectionCreateThread
 .text.InputRedirection_DoOrUndoPatches
                0x1400356c      0x474 input_redirection.o
                0x1400356c                InputRedirection_DoOrUndoPatches
 .text.InputRedirection_Disable
                0x140039e0       0x64 input_redirection.o
                0x140039e0                InputRedirection_Disable
 .text.LumaConfig_ConvertComboToString
                0x14003a44       0x6c luma_config.o
                0x14003a44                LumaConfig_ConvertComboToString
 .text.LumaConfig_SaveSettings
                0x14003ab0      0x594 luma_config.o
                0x14003ab0                LumaConfig_SaveSettings
 .text.readCalibration
                0x14004044       0x48 luminance.o
 .text.getMinLuminancePreset
                0x1400408c       0x18 luminance.o
                0x1400408c                getMinLuminancePreset
 .text.getMaxLuminancePreset
                0x140040a4       0x20 luminance.o
                0x140040a4                getMaxLuminancePreset
 .text.getCurrentLuminance
                0x140040c4       0xdc luminance.o
                0x140040c4                getCurrentLuminance
 .text.handleTermNotification
                0x140041a0        0x4 main.o
 *fill*         0x140041a4        0x4 
 .text.handlePreTermNotification
                0x140041a8       0xa4 main.o
 .text.handleNextApplicationDebuggedByForce
                0x1400424c       0x14 main.o
 .text.handleSleepNotification
                0x14004260       0x94 main.o
 .text.handleShellNotification
                0x140042f4       0x3c main.o
 .text.__wrap_exit
                0x14004330        0xc main.o
                0x14004330                __wrap_exit
 .text.initSystem
                0x1400433c      0x198 main.o
                0x1400433c                initSystem
 .text.startup.main
                0x140044d4       0xb0 main.o
                0x140044d4                main
 .text.memsearch
                0x14004584       0xb4 memory.o
                0x14004584                memsearch
 .text.hexItoa  0x14004638      0x110 memory.o
                0x14004638                hexItoa
 .text.xstrtoul
                0x14004748      0x1cc memory.o
                0x14004748                xstrtoul
 .text.xstrtoull
                0x14004914      0x228 memory.o
                0x14004914                xstrtoull
 .text.scanHeldKeys
                0x14004b3c       0x4c menu.o
 .text.isServiceUsable
                0x14004b88       0x28 menu.o
 .text.menuItemIsHidden.isra.0
                0x14004bb0       0x28 menu.o
 .text.hidShouldUseIrrst
                0x14004bd8        0x8 menu.o
                0x14004bd8                hidShouldUseIrrst
 .text.waitInputWithTimeout
                0x14004be0       0xb4 menu.o
                0x14004be0                waitInputWithTimeout
 .text.waitInputWithTimeoutEx
                0x14004c94       0xb8 menu.o
                0x14004c94                waitInputWithTimeoutEx
 .text.waitInput
                0x14004d4c        0x8 menu.o
                0x14004d4c                waitInput
 .text.waitComboWithTimeout
                0x14004d54      0x108 menu.o
                0x14004d54                waitComboWithTimeout
 .text.waitCombo
                0x14004e5c        0x8 menu.o
                0x14004e5c                waitCombo
 .text.menuCheckN3ds
                0x14004e64       0x10 menu.o
                0x14004e64                menuCheckN3ds
 .text.menuCountItems
                0x14004e74       0x24 menu.o
                0x14004e74                menuCountItems
 .text.menuDraw
                0x14004e98      0x440 menu.o
 .text.menuCreateThread
                0x140052d8       0x4c menu.o
                0x140052d8                menuCreateThread
 .text.menuEnter
                0x14005324       0x90 menu.o
                0x14005324                menuEnter
 *fill*         0x140053b4        0x4 
 .text.menuLeave
                0x140053b8       0x54 menu.o
                0x140053b8                menuLeave
 .text.menuShow
                0x1400540c      0x23c menu.o
                0x1400540c                menuShow
 .text.menuThreadMain
                0x14005648      0x138 menu.o
                0x14005648                menuThreadMain
 .text.rosalinaMenuShouldShowDebugInfo
                0x14005780       0x30 menus.o
                0x14005780                rosalinaMenuShouldShowDebugInfo
 .text.RosalinaMenu_SaveSettings
                0x140057b0       0xbc menus.o
                0x140057b0                RosalinaMenu_SaveSettings
 .text.RosalinaMenu_ShowCredits
                0x1400586c       0xe4 menus.o
                0x1400586c                RosalinaMenu_ShowCredits
 .text.RosalinaMenu_ShowDebugInfo
                0x14005950      0x230 menus.o
                0x14005950                RosalinaMenu_ShowDebugInfo
 .text.RosalinaMenu_Reboot
                0x14005b80       0x9c menus.o
                0x14005b80                RosalinaMenu_Reboot
 .text.RosalinaMenu_ChangeScreenBrightness
                0x14005c1c      0x21c menus.o
                0x14005c1c                RosalinaMenu_ChangeScreenBrightness
 .text.RosalinaMenu_PowerOff
                0x14005e38       0xa8 menus.o
                0x14005e38                RosalinaMenu_PowerOff
 .text.RosalinaMenu_WriteScreenshot
                0x14005ee0      0x180 menus.o
 .text.RosalinaMenu_TakeScreenshot
                0x14006060      0x458 menus.o
                0x14006060                RosalinaMenu_TakeScreenshot
 .text.SOCU_Shutdown
                0x140064b8       0x2c minisoc.o
 .text.miniSocLockState
                0x140064e4       0x78 minisoc.o
                0x140064e4                miniSocLockState
 .text.miniSocUnlockState
                0x1400655c       0x54 minisoc.o
                0x1400655c                miniSocUnlockState
 .text.miniSocInit
                0x140065b0      0x1d8 minisoc.o
                0x140065b0                miniSocInit
 .text.miniSocExitDirect
                0x14006788       0x94 minisoc.o
                0x14006788                miniSocExitDirect
 .text.miniSocExit
                0x1400681c       0x4c minisoc.o
                0x1400681c                miniSocExit
 .text.socSocket
                0x14006868       0xa8 minisoc.o
                0x14006868                socSocket
 .text.socBind  0x14006910       0xc4 minisoc.o
                0x14006910                socBind
 .text.socListen
                0x140069d4       0x54 minisoc.o
                0x140069d4                socListen
 .text.socAccept
                0x14006a28       0xec minisoc.o
                0x14006a28                socAccept
 .text.socConnect
                0x14006b14       0xc8 minisoc.o
                0x14006b14                socConnect
 .text.socPoll  0x14006bdc       0xd0 minisoc.o
                0x14006bdc                socPoll
 .text.socClose
                0x14006cac       0x54 minisoc.o
                0x14006cac                socClose
 .text.socSetsockopt
                0x14006d00       0x70 minisoc.o
                0x14006d00                socSetsockopt
 .text.socGethostid
                0x14006d70       0x40 minisoc.o
                0x14006d70                socGethostid
 .text.socRecvfrom
                0x14006db0      0x1c8 minisoc.o
                0x14006db0                socRecvfrom
 .text.socSendto
                0x14006f78      0x19c minisoc.o
                0x14006f78                socSendto
 .text.ntpSetTimeDateImpl
                0x14007114      0x1a8 ntp.o
 *fill*         0x140072bc        0x4 
 .text.ntpGetTimeStamp
                0x140072c0      0x1c4 ntp.o
                0x140072c0                ntpGetTimeStamp
 .text.ntpSetTimeDate
                0x14007484       0x18 ntp.o
                0x14007484                ntpSetTimeDate
 .text.ntpNullifyUserTimeOffset
                0x1400749c       0x38 ntp.o
                0x1400749c                ntpNullifyUserTimeOffset
 .text.PMDBG_GetCurrentAppInfo
                0x140074d4       0x64 pmdbgext.o
                0x140074d4                PMDBG_GetCurrentAppInfo
 .text.PMDBG_DebugNextApplicationByForce
                0x14007538       0x30 pmdbgext.o
                0x14007538                PMDBG_DebugNextApplicationByForce
 .text.PMDBG_LaunchTitleDebug
                0x14007568       0x54 pmdbgext.o
                0x14007568                PMDBG_LaunchTitleDebug
 .text.OpenProcessByName
                0x140075bc       0xac process_patches.o
                0x140075bc                OpenProcessByName
 .text.OperateOnProcessByName
                0x14007668       0xe0 process_patches.o
                0x14007668                OperateOnProcessByName
 .text.ServiceManager_Run
                0x14007748      0x440 service_manager.o
                0x14007748                ServiceManager_Run
 .text.handleShellOpened
                0x14007b88      0x110 shell.o
                0x14007b88                handleShellOpened
 .text.server_close_ctx
                0x14007c98       0x98 sock_util.o
 .text.server_should_exit.isra.0
                0x14007d30       0x44 sock_util.o
 .text.server_init
                0x14007d74       0x48 sock_util.o
                0x14007d74                server_init
 *fill*         0x14007dbc        0x4 
 .text.server_bind
                0x14007dc0      0x1e8 sock_util.o
                0x14007dc0                server_bind
 .text.server_kill_connections
                0x14007fa8       0x90 sock_util.o
                0x14007fa8                server_kill_connections
 .text.server_run
                0x14008038      0x38c sock_util.o
                0x14008038                server_run
 .text.server_finalize
                0x140083c4       0x54 sock_util.o
                0x140083c4                server_finalize
 .text.taskRunnerNoOpFunction
                0x14008418        0x4 task_runner.o
 .text.TaskRunner_HandleTasks
                0x1400841c       0x40 task_runner.o
                0x1400841c                TaskRunner_HandleTasks
 .text.TaskRunner_Init
                0x1400845c       0x38 task_runner.o
                0x1400845c                TaskRunner_Init
 .text.taskRunnerCreateThread
                0x14008494       0x44 task_runner.o
                0x14008494                taskRunnerCreateThread
 .text.TaskRunner_RunTask
                0x140084d8       0x48 task_runner.o
                0x140084d8                TaskRunner_RunTask
 .text.TaskRunner_Terminate
                0x14008520       0x24 task_runner.o
                0x14008520                TaskRunner_Terminate
 .text.formatMemoryPermission
                0x14008544       0x50 utils.o
                0x14008544                formatMemoryPermission
 .text.formatUserMemoryState
                0x14008594       0x1c utils.o
                0x14008594                formatUserMemoryState
 .text.formatMemoryMapOfProcess
                0x140085b0      0x138 utils.o
                0x140085b0                formatMemoryMapOfProcess
 .text.dateTimeToString
                0x140086e8      0x1b0 utils.o
                0x140086e8                dateTimeToString
 .text.floatToString
                0x14008898      0x1a0 utils.o
                0x14008898                floatToString
 .text.GDB_FindClosestBreakpointSlot
                0x14008a38       0x80 breakpoints.o
                0x14008a38                GDB_FindClosestBreakpointSlot
 .text.GDB_GetBreakpointInstruction
                0x14008ab8       0x54 breakpoints.o
                0x14008ab8                GDB_GetBreakpointInstruction
 .text.GDB_AddBreakpoint
                0x14008b0c      0x1bc breakpoints.o
                0x14008b0c                GDB_AddBreakpoint
 .text.GDB_DisableBreakpointById
                0x14008cc8       0x3c breakpoints.o
                0x14008cc8                GDB_DisableBreakpointById
 .text.GDB_RemoveBreakpoint
                0x14008d04       0xb4 breakpoints.o
                0x14008d04                GDB_RemoveBreakpoint
 .text.GDB_DetachImmediatelyExtended
                0x14008db8       0x88 debug.o
 .text.GDB_ParseCommonThreadInfo.isra.0
                0x14008e40      0x184 debug.o
 .text.GDB_HandleRestart
                0x14008fc4       0x9c debug.o
                0x14008fc4                GDB_HandleRestart
 .text.GDB_HandleDetach
                0x14009060       0x9c debug.o
                0x14009060                GDB_HandleDetach
 .text.GDB_HandleKill
                0x140090fc       0x34 debug.o
                0x140090fc                GDB_HandleKill
 .text.GDB_HandleVerboseKill
                0x14009130       0x9c debug.o
                0x14009130                GDB_HandleVerboseKill
 .text.GDB_HandleBreak
                0x140091cc       0x2c debug.o
                0x140091cc                GDB_HandleBreak
 .text.GDB_ContinueExecution
                0x140091f8       0x30 debug.o
                0x140091f8                GDB_ContinueExecution
 .text.GDB_HandleContinue
                0x14009228       0xec debug.o
                0x14009228                GDB_HandleContinue
 .text.GDB_HandleVerboseContinue
                0x14009314      0x110 debug.o
                0x14009314                GDB_HandleVerboseContinue
 .text.GDB_PreprocessDebugEvent
                0x14009424      0x204 debug.o
                0x14009424                GDB_PreprocessDebugEvent
 .text.GDB_SendStopReply
                0x14009628      0x498 debug.o
                0x14009628                GDB_SendStopReply
 .text.GDB_HandleVerboseRun
                0x14009ac0      0x1f8 debug.o
                0x14009ac0                GDB_HandleVerboseRun
 .text.GDB_HandleVerboseAttach
                0x14009cb8       0xac debug.o
                0x14009cb8                GDB_HandleVerboseAttach
 .text.GDB_HandleGetStopReason
                0x14009d64       0xa8 debug.o
                0x14009d64                GDB_HandleGetStopReason
 .text.GDB_HandleDebugEvents
                0x14009e0c      0x154 debug.o
                0x14009e0c                GDB_HandleDebugEvents
 .text.GDB_FetchPackedHioRequest
                0x14009f60       0x70 hio.o
                0x14009f60                GDB_FetchPackedHioRequest
 .text.GDB_IsHioInProgress
                0x14009fd0       0x10 hio.o
                0x14009fd0                GDB_IsHioInProgress
 .text.GDB_SendCurrentHioRequest
                0x14009fe0      0x138 hio.o
                0x14009fe0                GDB_SendCurrentHioRequest
 .text.GDB_HandleHioReply
                0x1400a118      0x178 hio.o
                0x1400a118                GDB_HandleHioReply
 .text.k_memcpy_no_interrupt
                0x1400a290        0x8 mem.o
 .text.GDB_ReadTargetMemoryInPage
                0x1400a298      0x114 mem.o
                0x1400a298                GDB_ReadTargetMemoryInPage
 .text.GDB_WriteTargetMemoryInPage
                0x1400a3ac      0x14c mem.o
                0x1400a3ac                GDB_WriteTargetMemoryInPage
 .text.GDB_ReadTargetMemory
                0x1400a4f8       0x64 mem.o
                0x1400a4f8                GDB_ReadTargetMemory
 .text.GDB_WriteTargetMemory
                0x1400a55c       0x64 mem.o
                0x1400a55c                GDB_WriteTargetMemory
 .text.GDB_SendMemory
                0x1400a5c0       0xb0 mem.o
                0x1400a5c0                GDB_SendMemory
 .text.GDB_WriteMemory
                0x1400a670       0x34 mem.o
                0x1400a670                GDB_WriteMemory
 .text.GDB_SearchMemory
                0x1400a6a4      0x140 mem.o
                0x1400a6a4                GDB_SearchMemory
 .text.GDB_HandleReadMemory
                0x1400a7e4       0x58 mem.o
                0x1400a7e4                GDB_HandleReadMemory
 .text.GDB_HandleWriteMemory
                0x1400a83c       0x98 mem.o
                0x1400a83c                GDB_HandleWriteMemory
 .text.GDB_HandleWriteMemoryRaw
                0x1400a8d4       0xa4 mem.o
                0x1400a8d4                GDB_HandleWriteMemoryRaw
 .text.GDB_HandleQuerySearchMemory
                0x1400a978      0x110 mem.o
                0x1400a978                GDB_HandleQuerySearchMemory
 .text.GDB_RunMonitor
                0x1400aa88      0x1f0 monitor.o
                0x1400aa88                GDB_RunMonitor
 .text.GDB_DecodeHexDigit
                0x1400ac78       0x48 net.o
 .text.GDB_DoSendPacket
                0x1400acc0       0x38 net.o
 .text.GDB_ComputeChecksum
                0x1400acf8       0x24 net.o
                0x1400acf8                GDB_ComputeChecksum
 .text.GDB_EncodeHex
                0x1400ad1c       0x44 net.o
                0x1400ad1c                GDB_EncodeHex
 .text.GDB_DecodeHex
                0x1400ad60       0x88 net.o
                0x1400ad60                GDB_DecodeHex
 .text.GDB_EscapeBinaryData
                0x1400ade8       0x98 net.o
                0x1400ade8                GDB_EscapeBinaryData
 .text.GDB_UnescapeBinaryData
                0x1400ae80       0x38 net.o
                0x1400ae80                GDB_UnescapeBinaryData
 .text.GDB_ParseIntegerList
                0x1400aeb8       0xb0 net.o
                0x1400aeb8                GDB_ParseIntegerList
 .text.GDB_ParseIntegerList64
                0x1400af68       0xb0 net.o
                0x1400af68                GDB_ParseIntegerList64
 .text.GDB_ParseHexIntegerList
                0x1400b018       0x24 net.o
                0x1400b018                GDB_ParseHexIntegerList
 .text.GDB_ParseHexIntegerList64
                0x1400b03c       0x24 net.o
                0x1400b03c                GDB_ParseHexIntegerList64
 .text.GDB_ReceivePacket
                0x1400b060      0x27c net.o
                0x1400b060                GDB_ReceivePacket
 .text.GDB_SendPacket
                0x1400b2dc       0x6c net.o
                0x1400b2dc                GDB_SendPacket
 .text.GDB_SendFormattedPacket
                0x1400b348       0x58 net.o
                0x1400b348                GDB_SendFormattedPacket
 .text.GDB_SendHexPacket
                0x1400b3a0       0x7c net.o
                0x1400b3a0                GDB_SendHexPacket
 .text.GDB_SendStreamData
                0x1400b41c       0xa4 net.o
                0x1400b41c                GDB_SendStreamData
 .text.GDB_SendDebugString
                0x1400b4c0       0xa0 net.o
                0x1400b4c0                GDB_SendDebugString
 .text.GDB_ReplyEmpty
                0x1400b560       0x10 net.o
                0x1400b560                GDB_ReplyEmpty
 .text.GDB_ReplyOk
                0x1400b570       0x10 net.o
                0x1400b570                GDB_ReplyOk
 .text.GDB_ReplyErrno
                0x1400b580       0x48 net.o
                0x1400b580                GDB_ReplyErrno
 .text.GDB_HandleQuery
                0x1400b5c8       0xc4 query.o
 .text.GDB_HandleQuerySupported
                0x1400b68c       0x88 query.o
                0x1400b68c                GDB_HandleQuerySupported
 .text.GDB_HandleQueryStartNoAckMode
                0x1400b714        0xc query.o
                0x1400b714                GDB_HandleQueryStartNoAckMode
 .text.GDB_HandleQueryAttached
                0x1400b720       0x24 query.o
                0x1400b720                GDB_HandleQueryAttached
 .text.GDB_HandleQueryCatchSyscalls
                0x1400b744      0x138 query.o
                0x1400b744                GDB_HandleQueryCatchSyscalls
 .text.GDB_HandleReadQuery
                0x1400b87c        0x8 query.o
                0x1400b87c                GDB_HandleReadQuery
 .text.GDB_HandleWriteQuery
                0x1400b884        0x8 query.o
                0x1400b884                GDB_HandleWriteQuery
 .text.GDB_ConvertRegisterNumber
                0x1400b88c       0x5c regs.o
 .text.GDB_HandleReadRegisters
                0x1400b8e8       0x60 regs.o
                0x1400b8e8                GDB_HandleReadRegisters
 .text.GDB_HandleWriteRegisters
                0x1400b948       0x70 regs.o
                0x1400b948                GDB_HandleWriteRegisters
 .text.GDB_HandleReadRegister
                0x1400b9b8       0xec regs.o
                0x1400b9b8                GDB_HandleReadRegister
 .text.GDB_HandleWriteRegister
                0x1400baa4      0x160 regs.o
                0x1400baa4                GDB_HandleWriteRegister
 .text.GDB_SkipSpaces
                0x1400bc04       0x28 remote_command.o
 .text.GDB_HandleRemoteCommandSyncRequestInfo
                0x1400bc2c      0x274 remote_command.o
                0x1400bc2c                GDB_HandleRemoteCommandSyncRequestInfo
 .text.GDB_HandleRemoteCommandToggleExternalMemoryAccess
                0x1400bea0       0x58 remote_command.o
                0x1400bea0                GDB_HandleRemoteCommandToggleExternalMemoryAccess
 .text.GDB_HandleRemoteCommandTranslateHandle
                0x1400bef8      0x1b4 remote_command.o
                0x1400bef8                GDB_HandleRemoteCommandTranslateHandle
 .text.GDB_HandleRemoteCommandGetMmuConfig.part.0
                0x1400c0ac      0x128 remote_command.o
 .text.GDB_HandleRemoteCommandGetMmuConfig
                0x1400c1d4       0x1c remote_command.o
                0x1400c1d4                GDB_HandleRemoteCommandGetMmuConfig
 .text.GDB_HandleRemoteCommandGetMemRegions
                0x1400c1f0       0x60 remote_command.o
                0x1400c1f0                GDB_HandleRemoteCommandGetMemRegions
 .text.GDB_HandleRemoteCommandFlushCaches
                0x1400c250       0x34 remote_command.o
                0x1400c250                GDB_HandleRemoteCommandFlushCaches
 .text.GDB_HandleQueryRcmd
                0x1400c284       0xf4 remote_command.o
                0x1400c284                GDB_HandleQueryRcmd
 .text.GDB_ReleaseClient
                0x1400c378        0x4 server.o
                0x1400c378                GDB_ReleaseClient
 .text.GDB_AcceptClient
                0x1400c37c       0x4c server.o
                0x1400c37c                GDB_AcceptClient
 .text.GDB_CloseClient
                0x1400c3c8      0x128 server.o
                0x1400c3c8                GDB_CloseClient
 .text.GDB_DoPacket
                0x1400c4f0      0x130 server.o
                0x1400c4f0                GDB_DoPacket
 .text.GDB_InitializeServer
                0x1400c620       0xa4 server.o
                0x1400c620                GDB_InitializeServer
 .text.GDB_FinalizeServer
                0x1400c6c4       0x6c server.o
                0x1400c6c4                GDB_FinalizeServer
 .text.GDB_IncrementServerReferenceCount
                0x1400c730       0x24 server.o
                0x1400c730                GDB_IncrementServerReferenceCount
 .text.GDB_DecrementServerReferenceCount
                0x1400c754       0x2c server.o
                0x1400c754                GDB_DecrementServerReferenceCount
 .text.GDB_RunServer
                0x1400c780       0x6c server.o
                0x1400c780                GDB_RunServer
 .text.GDB_LockAllContexts
                0x1400c7ec       0x2c server.o
                0x1400c7ec                GDB_LockAllContexts
 .text.GDB_UnlockAllContexts
                0x1400c818       0x2c server.o
                0x1400c818                GDB_UnlockAllContexts
 *fill*         0x1400c844        0x4 
 .text.GDB_GetClient
                0x1400c848      0x180 server.o
                0x1400c848                GDB_GetClient
 .text.GDB_SelectAvailableContext
                0x1400c9c8      0x108 server.o
                0x1400c9c8                GDB_SelectAvailableContext
 .text.GDB_FindAllocatedContextByPid
                0x1400cad0       0x60 server.o
                0x1400cad0                GDB_FindAllocatedContextByPid
 .text.GDB_HandleToggleStopPoint
                0x1400cb30      0x108 stop_point.o
                0x1400cb30                GDB_HandleToggleStopPoint
 .text.GDB_SendThreadData
                0x1400cc38       0xb8 thread.o
 .text.GDB_GetDynamicThreadPriority.isra.0
                0x1400ccf0       0x6c thread.o
 .text.thread_compare_func
                0x1400cd5c      0x10c thread.o
 .text.GDB_ParseThreadId
                0x1400ce68      0x148 thread.o
                0x1400ce68                GDB_ParseThreadId
 .text.GDB_ParseDecodeSingleThreadId
                0x1400cfb0       0x40 thread.o
                0x1400cfb0                GDB_ParseDecodeSingleThreadId
 .text.GDB_EncodeThreadId
                0x1400cff0       0x38 thread.o
                0x1400cff0                GDB_EncodeThreadId
 .text.GDB_GenerateThreadListData
                0x1400d028       0xcc thread.o
 .text.GDB_GetCurrentThreadFromList
                0x1400d0f4       0x58 thread.o
                0x1400d0f4                GDB_GetCurrentThreadFromList
 .text.GDB_GetCurrentThread
                0x1400d14c       0x4c thread.o
                0x1400d14c                GDB_GetCurrentThread
 .text.GDB_HandleSetThreadId
                0x1400d198       0xdc thread.o
                0x1400d198                GDB_HandleSetThreadId
 .text.GDB_HandleIsThreadAlive
                0x1400d274       0x80 thread.o
                0x1400d274                GDB_HandleIsThreadAlive
 .text.GDB_HandleQueryCurrentThreadId
                0x1400d2f4       0x68 thread.o
                0x1400d2f4                GDB_HandleQueryCurrentThreadId
 .text.GDB_HandleQueryfThreadInfo
                0x1400d35c       0x28 thread.o
                0x1400d35c                GDB_HandleQueryfThreadInfo
 .text.GDB_HandleQuerysThreadInfo
                0x1400d384        0x4 thread.o
                0x1400d384                GDB_HandleQuerysThreadInfo
 .text.GDB_HandleQueryThreadEvents
                0x1400d388       0x38 thread.o
                0x1400d388                GDB_HandleQueryThreadEvents
 .text.GDB_HandleQueryThreadExtraInfo
                0x1400d3c0      0x1d8 thread.o
                0x1400d3c0                GDB_HandleQueryThreadExtraInfo
 .text.GDB_HandleQueryGetTLSAddr
                0x1400d598       0x88 thread.o
                0x1400d598                GDB_HandleQueryGetTLSAddr
 .text.GDB_TioConvertResult
                0x1400d620       0xb0 tio.o
 .text.GDB_TioConvertFd
                0x1400d6d0       0x34 tio.o
 .text.GDB_TioReplyErrno
                0x1400d704       0x10 tio.o
 .text.GDB_MakeUtf16Path
                0x1400d714       0x90 tio.o
 .text.GDB_HandleTioOpen
                0x1400d7a4      0x270 tio.o
                0x1400d7a4                GDB_HandleTioOpen
 .text.GDB_HandleTioClose
                0x1400da14       0x9c tio.o
                0x1400da14                GDB_HandleTioClose
 .text.GDB_HandleTioRead
                0x1400dab0      0x120 tio.o
                0x1400dab0                GDB_HandleTioRead
 .text.GDB_HandleTioWrite
                0x1400dbd0       0xcc tio.o
                0x1400dbd0                GDB_HandleTioWrite
 .text.GDB_HandleTioStat
                0x1400dc9c      0x174 tio.o
                0x1400dc9c                GDB_HandleTioStat
 .text.GDB_HandleTioUnlink
                0x1400de10       0xd4 tio.o
                0x1400de10                GDB_HandleTioUnlink
 .text.GDB_HandleTioReadlink
                0x1400dee4       0x28 tio.o
                0x1400dee4                GDB_HandleTioReadlink
 .text.GDB_HandleTioSetfs
                0x1400df0c       0x50 tio.o
                0x1400df0c                GDB_HandleTioSetfs
 .text.GDB_HandleVerboseFile
                0x1400df5c       0x94 tio.o
                0x1400df5c                GDB_HandleVerboseFile
 .text.GDB_HandleVerboseContinueSupported
                0x1400dff0       0x10 verbose.o
                0x1400dff0                GDB_HandleVerboseContinueSupported
 .text.GDB_HandleVerboseCommand
                0x1400e000       0xa8 verbose.o
                0x1400e000                GDB_HandleVerboseCommand
 .text.GDB_ResetWatchpoints
                0x1400e0a8       0x7c watchpoints.o
                0x1400e0a8                GDB_ResetWatchpoints
 .text.GDB_RemoveWatchpoint
                0x1400e124       0xfc watchpoints.o
                0x1400e124                GDB_RemoveWatchpoint
 .text.GDB_GetWatchpointKind
                0x1400e220       0x5c watchpoints.o
                0x1400e220                GDB_GetWatchpointKind
 .text.GDB_AddWatchpoint
                0x1400e27c      0x148 watchpoints.o
                0x1400e27c                GDB_AddWatchpoint
 .text.GDB_HandleXferOsData
                0x1400e3c4       0xc0 xfer.o
                0x1400e3c4                GDB_HandleXferOsData
 .text.GDB_HandleXferFeatures
                0x1400e484       0x78 xfer.o
                0x1400e484                GDB_HandleXferFeatures
 .text.GDB_HandleXferOsDataCfwVersion.part.0
                0x1400e4fc       0xf0 xfer.o
 .text.GDB_HandleXferOsDataCfwVersion
                0x1400e5ec       0x1c xfer.o
                0x1400e5ec                GDB_HandleXferOsDataCfwVersion
 .text.GDB_HandleXferOsDataMemory
                0x1400e608      0x19c xfer.o
                0x1400e608                GDB_HandleXferOsDataMemory
 .text.GDB_HandleXferOsDataProcesses.part.0
                0x1400e7a4      0x120 xfer.o
 .text.GDB_HandleXferOsDataProcesses
                0x1400e8c4       0x1c xfer.o
                0x1400e8c4                GDB_HandleXferOsDataProcesses
 .text.GDB_HandleQueryXfer
                0x1400e8e0      0x1a4 xfer.o
                0x1400e8e0                GDB_HandleQueryXfer
 .text.activeOffset
                0x1400ea84       0x1c cheats.o
 .text.activeData
                0x1400eaa0       0x1c cheats.o
 .text.activeStorage
                0x1400eabc       0x14 cheats.o
 .text.Cheat_IsValidAddress
                0x1400ead0       0x70 cheats.o
 .text.Cheat_Write16
                0x1400eb40       0x98 cheats.o
 .text.Cheat_Write32
                0x1400ebd8       0x98 cheats.o
 .text.Cheat_Write8
                0x1400ec70       0x7c cheats.o
 .text.Cheat_Read32
                0x1400ecec       0xa4 cheats.o
 .text.Cheat_Read8
                0x1400ed90       0x88 cheats.o
 .text.Cheat_GetCurrentProcessAndTitleId.constprop.0
                0x1400ee18       0x44 cheats.o
 .text.Cheat_Read16.constprop.0
                0x1400ee5c       0xa4 cheats.o
 .text.Cheat_MapMemoryAndApplyCheat
                0x1400ef00     0x18b8 cheats.o
 .text.Cheat_LoadCheatsIntoMemory
                0x140107b8      0x69c cheats.o
 .text.Cheat_SeedRng
                0x14010e54       0x10 cheats.o
                0x14010e54                Cheat_SeedRng
 .text.Cheat_ApplyCheats
                0x14010e64       0x9c cheats.o
                0x14010e64                Cheat_ApplyCheats
 .text.RosalinaMenu_Cheats
                0x14010f00      0x3e4 cheats.o
                0x14010f00                RosalinaMenu_Cheats
 .text.DebuggerMenu_DebugNextApplicationByForce
                0x140112e4      0x148 debugger.o
                0x140112e4                DebuggerMenu_DebugNextApplicationByForce
 .text.debuggerSocketThreadMain
                0x1401142c       0x28 debugger.o
                0x1401142c                debuggerSocketThreadMain
 .text.debuggerDebugThreadMain
                0x14011454       0x28 debugger.o
                0x14011454                debuggerDebugThreadMain
 .text.debuggerCreateSocketThread
                0x1401147c       0x40 debugger.o
                0x1401147c                debuggerCreateSocketThread
 .text.debuggerCreateDebugThread
                0x140114bc       0x40 debugger.o
                0x140114bc                debuggerCreateDebugThread
 *fill*         0x140114fc        0x4 
 .text.DebuggerMenu_EnableDebugger
                0x14011500      0x1d0 debugger.o
                0x14011500                DebuggerMenu_EnableDebugger
 .text.debuggerFetchAndSetNextApplicationDebugHandleTask
                0x140116d0       0x68 debugger.o
                0x140116d0                debuggerFetchAndSetNextApplicationDebugHandleTask
 .text.debuggerDisable
                0x14011738       0x9c debugger.o
                0x14011738                debuggerDisable
 *fill*         0x140117d4        0x4 
 .text.DebuggerMenu_DisableDebugger
                0x140117d8       0xe0 debugger.o
                0x140117d8                DebuggerMenu_DisableDebugger
 .text.MiscellaneousMenu_SwitchBoot3dsxTargetTitle
                0x140118b8      0x174 miscellaneous.o
                0x140118b8                MiscellaneousMenu_SwitchBoot3dsxTargetTitle
 .text.MiscellaneousMenu_ChangeMenuCombo
                0x14011a2c      0x13c miscellaneous.o
                0x14011a2c                MiscellaneousMenu_ChangeMenuCombo
 .text.MiscellaneousMenu_InputRedirection
                0x14011b68      0x2cc miscellaneous.o
                0x14011b68                MiscellaneousMenu_InputRedirection
 .text.MiscellaneousMenu_UpdateTimeDateNtp
                0x14011e34      0x2d4 miscellaneous.o
                0x14011e34                MiscellaneousMenu_UpdateTimeDateNtp
 .text.MiscellaneousMenu_NullifyUserTimeOffset
                0x14012108       0xbc miscellaneous.o
                0x14012108                MiscellaneousMenu_NullifyUserTimeOffset
 .text.MiscellaneousMenu_DumpDspFirm
                0x140121c4       0xcc miscellaneous.o
                0x140121c4                MiscellaneousMenu_DumpDspFirm
 .text.MiscellaneousMenu_DumpDspFirmCallback
                0x14012290      0x1bc miscellaneous.o
 .text.N3DSMenu_UpdateStatus
                0x1401244c       0xa8 n3ds.o
                0x1401244c                N3DSMenu_UpdateStatus
 .text.N3DSMenu_ChangeClockRate
                0x140124f4       0x48 n3ds.o
                0x140124f4                N3DSMenu_ChangeClockRate
 .text.N3DSMenu_EnableDisableL2Cache
                0x1401253c       0x48 n3ds.o
                0x1401253c                N3DSMenu_EnableDisableL2Cache
 .text.viewHeap.14
                0x14012584       0x28 process_list.o
 .text.viewCode.16
                0x140125ac       0x28 process_list.o
 .text.clearMenu.18
                0x140125d4       0x18 process_list.o
 *fill*         0x140125ec        0x4 
 .text.ProcessListMenu_FetchInfo
                0x140125f0      0x114 process_list.o
                0x140125f0                ProcessListMenu_FetchInfo
 .text.RosalinaMenu_ProcessList
                0x14012704     0x1278 process_list.o
                0x14012704                RosalinaMenu_ProcessList
 .text.ScreenFiltersMenu_ClampFilter
                0x1401397c       0xb4 screen_filters.o
 .text.ScreenFiltersMenu_AdvancedConfigurationHelper
                0x14013a30      0x1c0 screen_filters.o
 .text.ScreenFilterMenu_CalculatePolynomialColorLutComponent.constprop.0
                0x14013bf0       0x98 screen_filters.o
 .text.ScreenFiltersMenu_ApplyColorSettings
                0x14013c88      0x124 screen_filters.o
 .text.ScreenFiltersMenu_SetCct
                0x14013dac       0x30 screen_filters.o
 .text.ScreenFiltersMenu_SetDefault
                0x14013ddc        0xc screen_filters.o
                0x14013ddc                ScreenFiltersMenu_SetDefault
 .text.ScreenFiltersMenu_SetAquarium
                0x14013de8        0xc screen_filters.o
                0x14013de8                ScreenFiltersMenu_SetAquarium
 .text.ScreenFiltersMenu_SetOvercastSky
                0x14013df4        0xc screen_filters.o
                0x14013df4                ScreenFiltersMenu_SetOvercastSky
 .text.ScreenFiltersMenu_SetDaylight
                0x14013e00        0xc screen_filters.o
                0x14013e00                ScreenFiltersMenu_SetDaylight
 .text.ScreenFiltersMenu_SetFluorescent
                0x14013e0c        0xc screen_filters.o
                0x14013e0c                ScreenFiltersMenu_SetFluorescent
 .text.ScreenFiltersMenu_SetHalogen
                0x14013e18        0xc screen_filters.o
                0x14013e18                ScreenFiltersMenu_SetHalogen
 .text.ScreenFiltersMenu_SetIncandescent
                0x14013e24        0xc screen_filters.o
                0x14013e24                ScreenFiltersMenu_SetIncandescent
 .text.ScreenFiltersMenu_SetWarmIncandescent
                0x14013e30        0xc screen_filters.o
                0x14013e30                ScreenFiltersMenu_SetWarmIncandescent
 .text.ScreenFiltersMenu_SetCandle
                0x14013e3c        0xc screen_filters.o
                0x14013e3c                ScreenFiltersMenu_SetCandle
 .text.ScreenFiltersMenu_SetEmber
                0x14013e48        0x8 screen_filters.o
                0x14013e48                ScreenFiltersMenu_SetEmber
 .text.ScreenFiltersMenu_AdvancedConfigurationChangeValue
                0x14013e50      0x15c screen_filters.o
 .text.ScreenFiltersMenu_AdvancedConfiguration
                0x14013fac      0x1d8 screen_filters.o
                0x14013fac                ScreenFiltersMenu_AdvancedConfiguration
 *fill*         0x14014184        0x4 
 .text.ScreenFiltersMenu_RestoreSettings
                0x14014188       0x98 screen_filters.o
                0x14014188                ScreenFiltersMenu_RestoreSettings
 .text.ScreenFiltersMenu_LoadConfig
                0x14014220      0x2f8 screen_filters.o
                0x14014220                ScreenFiltersMenu_LoadConfig
 .text.SysConfigMenu_ToggleLEDs
                0x14014518      0x114 sysconfig.o
                0x14014518                SysConfigMenu_ToggleLEDs
 .text.SysConfigMenu_TogglePowerButton
                0x1401462c      0x130 sysconfig.o
                0x1401462c                SysConfigMenu_TogglePowerButton
 .text.SysConfigMenu_ForceWifiConnection
                0x1401475c      0x1fc sysconfig.o
 .text.SysConfigMenu_ControlWifi
                0x14014958      0x184 sysconfig.o
                0x14014958                SysConfigMenu_ControlWifi
 .text.SysConfigMenu_ToggleCardIfPower
                0x14014adc      0x148 sysconfig.o
                0x14014adc                SysConfigMenu_ToggleCardIfPower
 .text.SysConfigMenu_DisableForcedWifiConnection
                0x14014c24       0xa4 sysconfig.o
                0x14014c24                SysConfigMenu_DisableForcedWifiConnection
 .text.SysConfigMenu_ToggleWireless
                0x14014cc8      0x188 sysconfig.o
                0x14014cc8                SysConfigMenu_ToggleWireless
 .text.SysConfigMenu_UpdateStatus
                0x14014e50       0x40 sysconfig.o
                0x14014e50                SysConfigMenu_UpdateStatus
 .text.colorramp_get_white_point
                0x14014e90       0xd8 colorramp.o
                0x14014e90                colorramp_get_white_point
 .text.svcCustomBackdoor
                0x14014f68        0x8 csvc.o
                0x14014f68                svcCustomBackdoor
 .text.svcConvertVAToPA
                0x14014f70        0x8 csvc.o
                0x14014f70                svcConvertVAToPA
 .text.svcFlushEntireDataCache
                0x14014f78        0x8 csvc.o
                0x14014f78                svcFlushEntireDataCache
 .text.svcInvalidateEntireInstructionCache
                0x14014f80        0x8 csvc.o
                0x14014f80                svcInvalidateEntireInstructionCache
 .text.svcMapProcessMemoryEx
                0x14014f88        0x8 csvc.o
                0x14014f88                svcMapProcessMemoryEx
 .text.svcUnmapProcessMemoryEx
                0x14014f90        0x8 csvc.o
                0x14014f90                svcUnmapProcessMemoryEx
 .text.svcControlMemoryEx
                0x14014f98       0x20 csvc.o
                0x14014f98                svcControlMemoryEx
 .text.svcControlService
                0x14014fb8        0x8 csvc.o
                0x14014fb8                svcControlService
 .text.svcCopyHandle
                0x14014fc0       0x14 csvc.o
                0x14014fc0                svcCopyHandle
 .text.svcTranslateHandle
                0x14014fd4       0x14 csvc.o
                0x14014fd4                svcTranslateHandle
 .text.__sync_init
                0x14014fe8        0xc C:/devkitPro/libctru/lib\libctru.a(synchronization.o)
                0x14014fe8                __sync_init
 .text.LightLock_Lock
                0x14014ff4       0xac C:/devkitPro/libctru/lib\libctru.a(synchronization.o)
                0x14014ff4                LightLock_Lock
 .text.RecursiveLock_Init
                0x140150a0       0x24 C:/devkitPro/libctru/lib\libctru.a(synchronization.o)
                0x140150a0                RecursiveLock_Init
 .text.RecursiveLock_Lock
                0x140150c4       0x30 C:/devkitPro/libctru/lib\libctru.a(synchronization.o)
                0x140150c4                RecursiveLock_Lock
 .text.RecursiveLock_Unlock
                0x140150f4       0x54 C:/devkitPro/libctru/lib\libctru.a(synchronization.o)
                0x140150f4                RecursiveLock_Unlock
 .text.LightEvent_Init
                0x14015148       0x40 C:/devkitPro/libctru/lib\libctru.a(synchronization.o)
                0x14015148                LightEvent_Init
 .text.LightEvent_Signal
                0x14015188       0xc8 C:/devkitPro/libctru/lib\libctru.a(synchronization.o)
                0x14015188                LightEvent_Signal
 .text.LightEvent_Wait
                0x14015250       0xa0 C:/devkitPro/libctru/lib\libctru.a(synchronization.o)
                0x14015250                LightEvent_Wait
 .text.osGetTimeRef
                0x140152f0       0x54 C:/devkitPro/libctru/lib\libctru.a(os.o)
                0x140152f0                osGetTimeRef
 .text.osGetTime
                0x14015344       0xec C:/devkitPro/libctru/lib\libctru.a(os.o)
                0x14015344                osGetTime
 .text.srvInit  0x14015430      0x12c C:/devkitPro/libctru/lib\libctru.a(srv.o)
                0x14015430                srvInit
 .text.srvSetBlockingPolicy
                0x1401555c        0xc C:/devkitPro/libctru/lib\libctru.a(srv.o)
                0x1401555c                srvSetBlockingPolicy
 .text.srvEnableNotification
                0x14015568       0x60 C:/devkitPro/libctru/lib\libctru.a(srv.o)
                0x14015568                srvEnableNotification
 .text.srvRegisterService
                0x140155c8       0x90 C:/devkitPro/libctru/lib\libctru.a(srv.o)
                0x140155c8                srvRegisterService
 .text.srvUnregisterService
                0x14015658       0x58 C:/devkitPro/libctru/lib\libctru.a(srv.o)
                0x14015658                srvUnregisterService
 .text.srvGetServiceHandleDirect
                0x140156b0       0xa0 C:/devkitPro/libctru/lib\libctru.a(srv.o)
                0x140156b0                srvGetServiceHandleDirect
 .text.srvGetServiceHandle
                0x14015750       0x38 C:/devkitPro/libctru/lib\libctru.a(srv.o)
                0x14015750                srvGetServiceHandle
 .text.srvSubscribe
                0x14015788       0x34 C:/devkitPro/libctru/lib\libctru.a(srv.o)
                0x14015788                srvSubscribe
 .text.srvUnsubscribe
                0x140157bc       0x34 C:/devkitPro/libctru/lib\libctru.a(srv.o)
                0x140157bc                srvUnsubscribe
 .text.srvReceiveNotification
                0x140157f0       0x60 C:/devkitPro/libctru/lib\libctru.a(srv.o)
                0x140157f0                srvReceiveNotification
 .text.srvPublishToSubscriber
                0x14015850       0x38 C:/devkitPro/libctru/lib\libctru.a(srv.o)
                0x14015850                srvPublishToSubscriber
 .text.srvIsServiceRegistered
                0x14015888       0x90 C:/devkitPro/libctru/lib\libctru.a(srv.o)
                0x14015888                srvIsServiceRegistered
 .text.mappableFindAddressWithin
                0x14015918       0xb4 C:/devkitPro/libctru/lib\libctru.a(mappable.o)
 .text.mappableInit
                0x140159cc       0x28 C:/devkitPro/libctru/lib\libctru.a(mappable.o)
                0x140159cc                mappableInit
 .text.mappableAlloc
                0x140159f4       0x80 C:/devkitPro/libctru/lib\libctru.a(mappable.o)
                0x140159f4                mappableAlloc
 .text.mappableFree
                0x14015a74        0x4 C:/devkitPro/libctru/lib\libctru.a(mappable.o)
                0x14015a74                mappableFree
 .text.pmAppInit
                0x14015a78       0x74 C:/devkitPro/libctru/lib\libctru.a(pmapp.o)
                0x14015a78                pmAppInit
 .text.cfguInit
                0x14015aec       0xa4 C:/devkitPro/libctru/lib\libctru.a(cfgu.o)
                0x14015aec                cfguInit
 .text.cfguExit
                0x14015b90       0x3c C:/devkitPro/libctru/lib\libctru.a(cfgu.o)
                0x14015b90                cfguExit
 .text.CFG_GetConfigInfoBlk8
                0x14015bcc       0x4c C:/devkitPro/libctru/lib\libctru.a(cfgu.o)
                0x14015bcc                CFG_GetConfigInfoBlk8
 .text.CFG_SetConfigInfoBlk4
                0x14015c18       0x4c C:/devkitPro/libctru/lib\libctru.a(cfgu.o)
                0x14015c18                CFG_SetConfigInfoBlk4
 .text.CFG_UpdateConfigSavegame
                0x14015c64       0x30 C:/devkitPro/libctru/lib\libctru.a(cfgu.o)
                0x14015c64                CFG_UpdateConfigSavegame
 .text.hidInit  0x14015c94      0x18c C:/devkitPro/libctru/lib\libctru.a(hid.o)
                0x14015c94                hidInit
 .text.hidExit  0x14015e20       0xe8 C:/devkitPro/libctru/lib\libctru.a(hid.o)
                0x14015e20                hidExit
 .text.hidSetRepeatParameters
                0x14015f08       0x3c C:/devkitPro/libctru/lib\libctru.a(hid.o)
                0x14015f08                hidSetRepeatParameters
 .text.hidScanInput
                0x14015f44      0x2a4 C:/devkitPro/libctru/lib\libctru.a(hid.o)
                0x14015f44                hidScanInput
 .text.hidKeysHeld
                0x140161e8       0x10 C:/devkitPro/libctru/lib\libctru.a(hid.o)
                0x140161e8                hidKeysHeld
 .text.hidKeysDown
                0x140161f8       0x10 C:/devkitPro/libctru/lib\libctru.a(hid.o)
                0x140161f8                hidKeysDown
 .text.hidKeysDownRepeat
                0x14016208       0x18 C:/devkitPro/libctru/lib\libctru.a(hid.o)
                0x14016208                hidKeysDownRepeat
 .text.hidTouchRead
                0x14016220       0x18 C:/devkitPro/libctru/lib\libctru.a(hid.o)
                0x14016220                hidTouchRead
 .text.mcuHwcInit
                0x14016238       0x74 C:/devkitPro/libctru/lib\libctru.a(mcuhwc.o)
                0x14016238                mcuHwcInit
 .text.mcuHwcExit
                0x140162ac       0x3c C:/devkitPro/libctru/lib\libctru.a(mcuhwc.o)
                0x140162ac                mcuHwcExit
 .text.mcuHwcGetSessionHandle
                0x140162e8        0xc C:/devkitPro/libctru/lib\libctru.a(mcuhwc.o)
                0x140162e8                mcuHwcGetSessionHandle
 .text.MCUHWC_ReadRegister
                0x140162f4       0x48 C:/devkitPro/libctru/lib\libctru.a(mcuhwc.o)
                0x140162f4                MCUHWC_ReadRegister
 .text.MCUHWC_WriteRegister
                0x1401633c       0x48 C:/devkitPro/libctru/lib\libctru.a(mcuhwc.o)
                0x1401633c                MCUHWC_WriteRegister
 .text.MCUHWC_GetFwVerHigh
                0x14016384       0x38 C:/devkitPro/libctru/lib\libctru.a(mcuhwc.o)
                0x14016384                MCUHWC_GetFwVerHigh
 .text.MCUHWC_GetFwVerLow
                0x140163bc       0x38 C:/devkitPro/libctru/lib\libctru.a(mcuhwc.o)
                0x140163bc                MCUHWC_GetFwVerLow
 .text.acInit   0x140163f4       0x8c C:/devkitPro/libctru/lib\libctru.a(ac.o)
                0x140163f4                acInit
 .text.acExit   0x14016480       0x3c C:/devkitPro/libctru/lib\libctru.a(ac.o)
                0x14016480                acExit
 .text.ACU_CreateDefaultConfig
                0x140164bc       0x40 C:/devkitPro/libctru/lib\libctru.a(ac.o)
                0x140164bc                ACU_CreateDefaultConfig
 .text.ACU_ConnectAsync
                0x140164fc       0x58 C:/devkitPro/libctru/lib\libctru.a(ac.o)
                0x140164fc                ACU_ConnectAsync
 .text.ACU_SetAllowApType
                0x14016554       0x50 C:/devkitPro/libctru/lib\libctru.a(ac.o)
                0x14016554                ACU_SetAllowApType
 .text.ACU_SetNetworkArea
                0x140165a4       0x50 C:/devkitPro/libctru/lib\libctru.a(ac.o)
                0x140165a4                ACU_SetNetworkArea
 .text.ACU_SetRequestEulaVersion
                0x140165f4       0x58 C:/devkitPro/libctru/lib\libctru.a(ac.o)
                0x140165f4                ACU_SetRequestEulaVersion
 .text.ACU_GetSSID
                0x1401664c       0x40 C:/devkitPro/libctru/lib\libctru.a(ac.o)
                0x1401664c                ACU_GetSSID
 .text.cdcChkGetSessionHandle
                0x1401668c        0xc C:/devkitPro/libctru/lib\libctru.a(cdcchk.o)
                0x1401668c                cdcChkGetSessionHandle
 .text.CDCCHK_WriteRegisters2
                0x14016698       0x4c C:/devkitPro/libctru/lib\libctru.a(cdcchk.o)
                0x14016698                CDCCHK_WriteRegisters2
 .text.aptSendCommand
                0x140166e4      0x158 C:/devkitPro/libctru/lib\libctru.a(apt.o)
                0x140166e4                aptSendCommand
 .text.APT_HardwareResetAsync
                0x1401683c       0x20 C:/devkitPro/libctru/lib\libctru.a(apt.o)
                0x1401683c                APT_HardwareResetAsync
 .text.ndmuInit
                0x1401685c       0x74 C:/devkitPro/libctru/lib\libctru.a(ndm.o)
                0x1401685c                ndmuInit
 .text.ndmuExit
                0x140168d0       0x48 C:/devkitPro/libctru/lib\libctru.a(ndm.o)
                0x140168d0                ndmuExit
 .text.NDMU_EnterExclusiveState
                0x14016918       0x3c C:/devkitPro/libctru/lib\libctru.a(ndm.o)
                0x14016918                NDMU_EnterExclusiveState
 .text.NDMU_LeaveExclusiveState
                0x14016954       0x34 C:/devkitPro/libctru/lib\libctru.a(ndm.o)
                0x14016954                NDMU_LeaveExclusiveState
 .text.NDMU_LockState
                0x14016988       0x34 C:/devkitPro/libctru/lib\libctru.a(ndm.o)
                0x14016988                NDMU_LockState
 .text.NDMU_UnlockState
                0x140169bc       0x34 C:/devkitPro/libctru/lib\libctru.a(ndm.o)
                0x140169bc                NDMU_UnlockState
 .text.nwmExtInit
                0x140169f0       0x74 C:/devkitPro/libctru/lib\libctru.a(nwmext.o)
                0x140169f0                nwmExtInit
 .text.nwmExtExit
                0x14016a64       0x3c C:/devkitPro/libctru/lib\libctru.a(nwmext.o)
                0x14016a64                nwmExtExit
 .text.NWMEXT_ControlWirelessEnabled
                0x14016aa0       0x3c C:/devkitPro/libctru/lib\libctru.a(nwmext.o)
                0x14016aa0                NWMEXT_ControlWirelessEnabled
 .text.pmDbgInit
                0x14016adc       0x74 C:/devkitPro/libctru/lib\libctru.a(pmdbg.o)
                0x14016adc                pmDbgInit
 .text.pmDbgGetSessionHandle
                0x14016b50        0xc C:/devkitPro/libctru/lib\libctru.a(pmdbg.o)
                0x14016b50                pmDbgGetSessionHandle
 .text.PMDBG_RunQueuedProcess
                0x14016b5c       0x38 C:/devkitPro/libctru/lib\libctru.a(pmdbg.o)
                0x14016b5c                PMDBG_RunQueuedProcess
 .text.srvPmGetSessionHandle
                0x14016b94        0xc C:/devkitPro/libctru/lib\libctru.a(srvpm.o)
                0x14016b94                srvPmGetSessionHandle
 .text.gspLcdInit
                0x14016ba0       0x74 C:/devkitPro/libctru/lib\libctru.a(gsplcd.o)
                0x14016ba0                gspLcdInit
 .text.gspLcdExit
                0x14016c14       0x3c C:/devkitPro/libctru/lib\libctru.a(gsplcd.o)
                0x14016c14                gspLcdExit
 .text.GSPLCD_SetBrightnessRaw
                0x14016c50       0x38 C:/devkitPro/libctru/lib\libctru.a(gsplcd.o)
                0x14016c50                GSPLCD_SetBrightnessRaw
 .text.ptmSysmInit
                0x14016c88       0x74 C:/devkitPro/libctru/lib\libctru.a(ptmsysm.o)
                0x14016c88                ptmSysmInit
 .text.ptmSysmExit
                0x14016cfc       0x3c C:/devkitPro/libctru/lib\libctru.a(ptmsysm.o)
                0x14016cfc                ptmSysmExit
 .text.PTMSYSM_ReplyToSleepQuery
                0x14016d38       0x3c C:/devkitPro/libctru/lib\libctru.a(ptmsysm.o)
                0x14016d38                PTMSYSM_ReplyToSleepQuery
 .text.PTMSYSM_NotifySleepPreparationComplete
                0x14016d74       0x3c C:/devkitPro/libctru/lib\libctru.a(ptmsysm.o)
                0x14016d74                PTMSYSM_NotifySleepPreparationComplete
 .text.PTMSYSM_SetUserTime
                0x14016db0       0x3c C:/devkitPro/libctru/lib\libctru.a(ptmsysm.o)
                0x14016db0                PTMSYSM_SetUserTime
 .text.PTMSYSM_SetRtcTime
                0x14016dec       0x3c C:/devkitPro/libctru/lib\libctru.a(ptmsysm.o)
                0x14016dec                PTMSYSM_SetRtcTime
 .text.ptmSetsInit
                0x14016e28       0x74 C:/devkitPro/libctru/lib\libctru.a(ptmsets.o)
                0x14016e28                ptmSetsInit
 .text.ptmSetsExit
                0x14016e9c       0x3c C:/devkitPro/libctru/lib\libctru.a(ptmsets.o)
                0x14016e9c                ptmSetsExit
 .text.PTMSETS_SetSystemTime
                0x14016ed8       0x3c C:/devkitPro/libctru/lib\libctru.a(ptmsets.o)
                0x14016ed8                PTMSETS_SetSystemTime
 .text.fsInit   0x14016f14       0xcc C:/devkitPro/libctru/lib\libctru.a(fs.o)
                0x14016f14                fsInit
 .text.fsMakePath
                0x14016fe0       0x84 C:/devkitPro/libctru/lib\libctru.a(fs.o)
                0x14016fe0                fsMakePath
 .text.FSUSER_OpenFile
                0x14017064       0xcc C:/devkitPro/libctru/lib\libctru.a(fs.o)
                0x14017064                FSUSER_OpenFile
 .text.FSUSER_OpenFileDirectly
                0x14017130       0xd4 C:/devkitPro/libctru/lib\libctru.a(fs.o)
                0x14017130                FSUSER_OpenFileDirectly
 .text.FSUSER_DeleteFile
                0x14017204       0xbc C:/devkitPro/libctru/lib\libctru.a(fs.o)
                0x14017204                FSUSER_DeleteFile
 .text.FSUSER_CreateFile
                0x140172c0       0xd4 C:/devkitPro/libctru/lib\libctru.a(fs.o)
                0x140172c0                FSUSER_CreateFile
 .text.FSUSER_CreateDirectory
                0x14017394       0xc4 C:/devkitPro/libctru/lib\libctru.a(fs.o)
                0x14017394                FSUSER_CreateDirectory
 .text.FSUSER_OpenDirectory
                0x14017458       0xb4 C:/devkitPro/libctru/lib\libctru.a(fs.o)
                0x14017458                FSUSER_OpenDirectory
 .text.FSUSER_OpenArchive
                0x1401750c       0x94 C:/devkitPro/libctru/lib\libctru.a(fs.o)
                0x1401750c                FSUSER_OpenArchive
 .text.FSUSER_CloseArchive
                0x140175a0       0x8c C:/devkitPro/libctru/lib\libctru.a(fs.o)
                0x140175a0                FSUSER_CloseArchive
 .text.FSUSER_GetSdmcSpeedInfo
                0x1401762c       0x58 C:/devkitPro/libctru/lib\libctru.a(fs.o)
                0x1401762c                FSUSER_GetSdmcSpeedInfo
 .text.FSUSER_GetNandSpeedInfo
                0x14017684       0x58 C:/devkitPro/libctru/lib\libctru.a(fs.o)
                0x14017684                FSUSER_GetNandSpeedInfo
 .text.FSUSER_CardSlotPowerOn
                0x140176dc       0x64 C:/devkitPro/libctru/lib\libctru.a(fs.o)
                0x140176dc                FSUSER_CardSlotPowerOn
 .text.FSUSER_CardSlotPowerOff
                0x14017740       0x64 C:/devkitPro/libctru/lib\libctru.a(fs.o)
                0x14017740                FSUSER_CardSlotPowerOff
 .text.FSUSER_CardSlotGetCardIFPowerStatus
                0x140177a4       0x64 C:/devkitPro/libctru/lib\libctru.a(fs.o)
                0x140177a4                FSUSER_CardSlotGetCardIFPowerStatus
 .text.FSUSER_SetPriority
                0x14017808       0x48 C:/devkitPro/libctru/lib\libctru.a(fs.o)
                0x14017808                FSUSER_SetPriority
 .text.FSFILE_Read
                0x14017850       0x58 C:/devkitPro/libctru/lib\libctru.a(fs.o)
                0x14017850                FSFILE_Read
 .text.FSFILE_Write
                0x140178a8       0x60 C:/devkitPro/libctru/lib\libctru.a(fs.o)
                0x140178a8                FSFILE_Write
 .text.FSFILE_GetSize
                0x14017908       0x38 C:/devkitPro/libctru/lib\libctru.a(fs.o)
                0x14017908                FSFILE_GetSize
 .text.FSFILE_SetSize
                0x14017940       0x28 C:/devkitPro/libctru/lib\libctru.a(fs.o)
                0x14017940                FSFILE_SetSize
 .text.FSFILE_Close
                0x14017968       0x3c C:/devkitPro/libctru/lib\libctru.a(fs.o)
                0x14017968                FSFILE_Close
 .text.FSDIR_Close
                0x140179a4       0x3c C:/devkitPro/libctru/lib\libctru.a(fs.o)
                0x140179a4                FSDIR_Close
 .text._net_convert_error
                0x140179e0       0x3c C:/devkitPro/libctru/lib\libctru.a(soc_common.o)
                0x140179e0                _net_convert_error
 .text.utf8_to_utf16
                0x14017a1c       0xc0 C:/devkitPro/libctru/lib\libctru.a(utf8_to_utf16.o)
                0x14017a1c                utf8_to_utf16
 .text.decode_utf8
                0x14017adc      0x13c C:/devkitPro/libctru/lib\libctru.a(decode_utf8.o)
                0x14017adc                decode_utf8
 .text.svcControlMemory
                0x14017c18       0x20 C:/devkitPro/libctru/lib\libctru.a(svc.o)
                0x14017c18                svcControlMemory
 .text.svcQueryMemory
                0x14017c38       0x30 C:/devkitPro/libctru/lib\libctru.a(svc.o)
                0x14017c38                svcQueryMemory
 .text.svcExitProcess
                0x14017c68        0x8 C:/devkitPro/libctru/lib\libctru.a(svc.o)
                0x14017c68                svcExitProcess
 .text.svcCreateThread
                0x14017c70       0x20 C:/devkitPro/libctru/lib\libctru.a(svc.o)
                0x14017c70                svcCreateThread
 .text.svcExitThread
                0x14017c90        0x8 C:/devkitPro/libctru/lib\libctru.a(svc.o)
                0x14017c90                svcExitThread
 .text.svcSleepThread
                0x14017c98        0x8 C:/devkitPro/libctru/lib\libctru.a(svc.o)
                0x14017c98                svcSleepThread
 .text.svcGetThreadPriority
                0x14017ca0       0x14 C:/devkitPro/libctru/lib\libctru.a(svc.o)
                0x14017ca0                svcGetThreadPriority
 .text.svcReleaseMutex
                0x14017cb4        0x8 C:/devkitPro/libctru/lib\libctru.a(svc.o)
                0x14017cb4                svcReleaseMutex
 .text.svcCreateEvent
                0x14017cbc       0x14 C:/devkitPro/libctru/lib\libctru.a(svc.o)
                0x14017cbc                svcCreateEvent
 .text.svcSignalEvent
                0x14017cd0        0x8 C:/devkitPro/libctru/lib\libctru.a(svc.o)
                0x14017cd0                svcSignalEvent
 .text.svcClearEvent
                0x14017cd8        0x8 C:/devkitPro/libctru/lib\libctru.a(svc.o)
                0x14017cd8                svcClearEvent
 .text.svcCreateMemoryBlock
                0x14017ce0       0x18 C:/devkitPro/libctru/lib\libctru.a(svc.o)
                0x14017ce0                svcCreateMemoryBlock
 .text.svcMapMemoryBlock
                0x14017cf8        0x8 C:/devkitPro/libctru/lib\libctru.a(svc.o)
                0x14017cf8                svcMapMemoryBlock
 .text.svcUnmapMemoryBlock
                0x14017d00        0x8 C:/devkitPro/libctru/lib\libctru.a(svc.o)
                0x14017d00                svcUnmapMemoryBlock
 .text.svcCreateAddressArbiter
                0x14017d08       0x14 C:/devkitPro/libctru/lib\libctru.a(svc.o)
                0x14017d08                svcCreateAddressArbiter
 .text.svcArbitrateAddressNoTimeout
                0x14017d1c        0x8 C:/devkitPro/libctru/lib\libctru.a(svc.o)
                0x14017d1c                svcArbitrateAddressNoTimeout
 .text.svcCloseHandle
                0x14017d24        0x8 C:/devkitPro/libctru/lib\libctru.a(svc.o)
                0x14017d24                svcCloseHandle
 .text.svcWaitSynchronization
                0x14017d2c        0x8 C:/devkitPro/libctru/lib\libctru.a(svc.o)
                0x14017d2c                svcWaitSynchronization
 .text.svcWaitSynchronizationN
                0x14017d34       0x28 C:/devkitPro/libctru/lib\libctru.a(svc.o)
                0x14017d34                svcWaitSynchronizationN
 .text.svcDuplicateHandle
                0x14017d5c       0x14 C:/devkitPro/libctru/lib\libctru.a(svc.o)
                0x14017d5c                svcDuplicateHandle
 .text.svcGetSystemTick
                0x14017d70        0x8 C:/devkitPro/libctru/lib\libctru.a(svc.o)
                0x14017d70                svcGetSystemTick
 .text.svcGetHandleInfo
                0x14017d78       0x18 C:/devkitPro/libctru/lib\libctru.a(svc.o)
                0x14017d78                svcGetHandleInfo
 .text.svcGetSystemInfo
                0x14017d90       0x18 C:/devkitPro/libctru/lib\libctru.a(svc.o)
                0x14017d90                svcGetSystemInfo
 .text.svcGetProcessInfo
                0x14017da8       0x18 C:/devkitPro/libctru/lib\libctru.a(svc.o)
                0x14017da8                svcGetProcessInfo
 .text.svcConnectToPort
                0x14017dc0       0x14 C:/devkitPro/libctru/lib\libctru.a(svc.o)
                0x14017dc0                svcConnectToPort
 .text.svcSendSyncRequest
                0x14017dd4        0x8 C:/devkitPro/libctru/lib\libctru.a(svc.o)
                0x14017dd4                svcSendSyncRequest
 .text.svcOpenProcess
                0x14017ddc       0x14 C:/devkitPro/libctru/lib\libctru.a(svc.o)
                0x14017ddc                svcOpenProcess
 .text.svcOpenThread
                0x14017df0       0x14 C:/devkitPro/libctru/lib\libctru.a(svc.o)
                0x14017df0                svcOpenThread
 .text.svcBreak
                0x14017e04        0x8 C:/devkitPro/libctru/lib\libctru.a(svc.o)
                0x14017e04                svcBreak
 .text.svcCreatePort
                0x14017e0c       0x20 C:/devkitPro/libctru/lib\libctru.a(svc.o)
                0x14017e0c                svcCreatePort
 .text.svcAcceptSession
                0x14017e2c       0x18 C:/devkitPro/libctru/lib\libctru.a(svc.o)
                0x14017e2c                svcAcceptSession
 .text.svcReplyAndReceive
                0x14017e44       0x18 C:/devkitPro/libctru/lib\libctru.a(svc.o)
                0x14017e44                svcReplyAndReceive
 .text.svcFlushProcessDataCache
                0x14017e5c        0x8 C:/devkitPro/libctru/lib\libctru.a(svc.o)
                0x14017e5c                svcFlushProcessDataCache
 .text.svcDebugActiveProcess
                0x14017e64       0x14 C:/devkitPro/libctru/lib\libctru.a(svc.o)
                0x14017e64                svcDebugActiveProcess
 .text.svcBreakDebugProcess
                0x14017e78        0x8 C:/devkitPro/libctru/lib\libctru.a(svc.o)
                0x14017e78                svcBreakDebugProcess
 .text.svcTerminateDebugProcess
                0x14017e80        0x8 C:/devkitPro/libctru/lib\libctru.a(svc.o)
                0x14017e80                svcTerminateDebugProcess
 .text.svcGetProcessDebugEvent
                0x14017e88        0x8 C:/devkitPro/libctru/lib\libctru.a(svc.o)
                0x14017e88                svcGetProcessDebugEvent
 .text.svcContinueDebugEvent
                0x14017e90        0x8 C:/devkitPro/libctru/lib\libctru.a(svc.o)
                0x14017e90                svcContinueDebugEvent
 .text.svcGetProcessList
                0x14017e98       0x14 C:/devkitPro/libctru/lib\libctru.a(svc.o)
                0x14017e98                svcGetProcessList
 .text.svcGetDebugThreadContext
                0x14017eac        0x8 C:/devkitPro/libctru/lib\libctru.a(svc.o)
                0x14017eac                svcGetDebugThreadContext
 .text.svcSetDebugThreadContext
                0x14017eb4        0x8 C:/devkitPro/libctru/lib\libctru.a(svc.o)
                0x14017eb4                svcSetDebugThreadContext
 .text.svcQueryDebugProcessMemory
                0x14017ebc       0x24 C:/devkitPro/libctru/lib\libctru.a(svc.o)
                0x14017ebc                svcQueryDebugProcessMemory
 .text.svcReadProcessMemory
                0x14017ee0        0x8 C:/devkitPro/libctru/lib\libctru.a(svc.o)
                0x14017ee0                svcReadProcessMemory
 .text.svcWriteProcessMemory
                0x14017ee8        0x8 C:/devkitPro/libctru/lib\libctru.a(svc.o)
                0x14017ee8                svcWriteProcessMemory
 .text.svcGetDebugThreadParam
                0x14017ef0       0x20 C:/devkitPro/libctru/lib\libctru.a(svc.o)
                0x14017ef0                svcGetDebugThreadParam
 .text.svcKernelSetState
                0x14017f10        0x8 C:/devkitPro/libctru/lib\libctru.a(svc.o)
                0x14017f10                svcKernelSetState
 .text.svcQueryProcessMemory
                0x14017f18       0x24 C:/devkitPro/libctru/lib\libctru.a(svc.o)
                0x14017f18                svcQueryProcessMemory
 .text.envGetHandle
                0x14017f3c       0x84 C:/devkitPro/libctru/lib\libctru.a(env.o)
                0x14017f3c                envGetHandle
 .text.irrstInit
                0x14017fc0      0x160 C:/devkitPro/libctru/lib\libctru.a(irrst.o)
                0x14017fc0                irrstInit
 .text.irrstExit
                0x14018120       0xcc C:/devkitPro/libctru/lib\libctru.a(irrst.o)
                0x14018120                irrstExit
 .text.irrstScanInput
                0x140181ec       0xb4 C:/devkitPro/libctru/lib\libctru.a(irrst.o)
                0x140181ec                irrstScanInput
 .text.irrstKeysHeld
                0x140182a0       0x24 C:/devkitPro/libctru/lib\libctru.a(irrst.o)
                0x140182a0                irrstKeysHeld
 .text.encode_utf16
                0x140182c4       0x54 C:/devkitPro/libctru/lib\libctru.a(encode_utf16.o)
                0x140182c4                encode_utf16
 .text.__syscall_getreent
                0x14018318       0x30 C:/devkitPro/libctru/lib\libctru.a(syscalls.o)
                0x14018318                __syscall_getreent
 .text.powf     0x14018348      0x3ec C:/devkitPro/devkitARM/bin/../lib/gcc/arm-none-eabi/13.1.0/../../../../arm-none-eabi/lib/armv6k/fpu\libm.a(libm_a-sf_pow.o)
                0x14018348                powf
 .text.with_errnof
                0x14018734       0x24 C:/devkitPro/devkitARM/bin/../lib/gcc/arm-none-eabi/13.1.0/../../../../arm-none-eabi/lib/armv6k/fpu\libm.a(libm_a-math_errf.o)
 .text.xflowf   0x14018758       0x18 C:/devkitPro/devkitARM/bin/../lib/gcc/arm-none-eabi/13.1.0/../../../../arm-none-eabi/lib/armv6k/fpu\libm.a(libm_a-math_errf.o)
 .text.__math_uflowf
                0x14018770        0xc C:/devkitPro/devkitARM/bin/../lib/gcc/arm-none-eabi/13.1.0/../../../../arm-none-eabi/lib/armv6k/fpu\libm.a(libm_a-math_errf.o)
                0x14018770                __math_uflowf
 .text.__math_may_uflowf
                0x1401877c        0xc C:/devkitPro/devkitARM/bin/../lib/gcc/arm-none-eabi/13.1.0/../../../../arm-none-eabi/lib/armv6k/fpu\libm.a(libm_a-math_errf.o)
                0x1401877c                __math_may_uflowf
 .text.__math_oflowf
                0x14018788        0xc C:/devkitPro/devkitARM/bin/../lib/gcc/arm-none-eabi/13.1.0/../../../../arm-none-eabi/lib/armv6k/fpu\libm.a(libm_a-math_errf.o)
                0x14018788                __math_oflowf
 .text.__math_divzerof
                0x14018794       0x30 C:/devkitPro/devkitARM/bin/../lib/gcc/arm-none-eabi/13.1.0/../../../../arm-none-eabi/lib/armv6k/fpu\libm.a(libm_a-math_errf.o)
                0x14018794                __math_divzerof
 .text.__math_invalidf
                0x140187c4       0x1c C:/devkitPro/devkitARM/bin/../lib/gcc/arm-none-eabi/13.1.0/../../../../arm-none-eabi/lib/armv6k/fpu\libm.a(libm_a-math_errf.o)
                0x140187c4                __math_invalidf
 .text.__fixunsdfdi
                0x140187e0       0x40 C:/devkitPro/devkitARM/bin/../lib/gcc/arm-none-eabi/13.1.0/armv6k/fpu\libgcc.a(_fixunsdfdi.o)
                0x140187e0                __fixunsdfdi
                0x140187e0                __aeabi_d2ulz
 .text.__udivmoddi4
                0x14018820      0x120 C:/devkitPro/devkitARM/bin/../lib/gcc/arm-none-eabi/13.1.0/armv6k/fpu\libgcc.a(_udivmoddi4.o)
                0x14018820                __udivmoddi4
 .text.qsort    0x14018940      0x974 C:/devkitPro/devkitARM/bin/../lib/gcc/arm-none-eabi/13.1.0/../../../../arm-none-eabi/lib/armv6k/fpu\libg.a(libc_a-qsort.o)
                0x14018940                qsort
 .text.strcat   0x140192b4       0x70 C:/devkitPro/devkitARM/bin/../lib/gcc/arm-none-eabi/13.1.0/../../../../arm-none-eabi/lib/armv6k/fpu\libg.a(libc_a-strcat.o)
                0x140192b4                strcat
 .text.strchr   0x14019324      0x130 C:/devkitPro/devkitARM/bin/../lib/gcc/arm-none-eabi/13.1.0/../../../../arm-none-eabi/lib/armv6k/fpu\libg.a(libc_a-strchr.o)
                0x14019324                strchr
 .text.memcmp   0x14019454       0xd8 C:/devkitPro/devkitARM/bin/../lib/gcc/arm-none-eabi/13.1.0/../../../../arm-none-eabi/lib/armv6k/fpu\libg.a(libc_a-memcmp.o)
                0x14019454                memcmp
 .text.memmove  0x1401952c      0x150 C:/devkitPro/devkitARM/bin/../lib/gcc/arm-none-eabi/13.1.0/../../../../arm-none-eabi/lib/armv6k/fpu\libg.a(libc_a-memmove.o)
                0x1401952c                memmove
 .text.memset   0x1401967c       0xf4 C:/devkitPro/devkitARM/bin/../lib/gcc/arm-none-eabi/13.1.0/../../../../arm-none-eabi/lib/armv6k/fpu\libg.a(libc_a-memset.o)
                0x1401967c                memset
 .text.strlen   0x14019770       0x90 C:/devkitPro/devkitARM/bin/../lib/gcc/arm-none-eabi/13.1.0/../../../../arm-none-eabi/lib/armv6k/fpu\libg.a(libc_a-strlen.o)
                0x14019770                strlen
 .text.strncmp  0x14019800       0xe4 C:/devkitPro/devkitARM/bin/../lib/gcc/arm-none-eabi/13.1.0/../../../../arm-none-eabi/lib/armv6k/fpu\libg.a(libc_a-strncmp.o)
                0x14019800                strncmp
 .text.strncpy  0x140198e4       0xc4 C:/devkitPro/devkitARM/bin/../lib/gcc/arm-none-eabi/13.1.0/../../../../arm-none-eabi/lib/armv6k/fpu\libg.a(libc_a-strncpy.o)
                0x140198e4                strncpy
 .text.strnlen  0x140199a8       0x48 C:/devkitPro/devkitARM/bin/../lib/gcc/arm-none-eabi/13.1.0/../../../../arm-none-eabi/lib/armv6k/fpu\libg.a(libc_a-strnlen.o)
                0x140199a8                strnlen
 .text.strcpy   0x140199f0       0xf0 C:/devkitPro/devkitARM/bin/../lib/gcc/arm-none-eabi/13.1.0/../../../../arm-none-eabi/lib/armv6k/fpu\libg.a(libc_a-strcpy.o)
                0x140199f0                strcpy
 .text.memcpy   0x14019ae0      0x11c C:/devkitPro/devkitARM/bin/../lib/gcc/arm-none-eabi/13.1.0/../../../../arm-none-eabi/lib/armv6k/fpu\libg.a(libc_a-memcpy-stub.o)
                0x14019ae0                memcpy
 .text.__libc_init_array
                0x14019bfc       0x84 C:/devkitPro/devkitARM/bin/../lib/gcc/arm-none-eabi/13.1.0/../../../../arm-none-eabi/lib/armv6k/fpu\libg.a(libc_a-init.o)
                0x14019bfc                __libc_init_array
 .text.__libc_fini_array
                0x14019c80       0x3c C:/devkitPro/devkitARM/bin/../lib/gcc/arm-none-eabi/13.1.0/../../../../arm-none-eabi/lib/armv6k/fpu\libg.a(libc_a-fini.o)
                0x14019c80                __libc_fini_array
 .text.strchrnul
                0x14019cbc       0x24 C:/devkitPro/devkitARM/bin/../lib/gcc/arm-none-eabi/13.1.0/../../../../arm-none-eabi/lib/armv6k/fpu\libg.a(libc_a-strchrnul.o)
                0x14019cbc                strchrnul
 .text.__errno  0x14019ce0        0xc C:/devkitPro/devkitARM/bin/../lib/gcc/arm-none-eabi/13.1.0/../../../../arm-none-eabi/lib/armv6k/fpu\libg.a(libc_a-errno.o)
                0x14019ce0                __errno
 .text.__getreent
                0x14019cec       0x2c C:/devkitPro/devkitARM/bin/../lib/gcc/arm-none-eabi/13.1.0/../../../../arm-none-eabi/lib/armv6k/fpu\libsysbase.a(libsysbase_libsysbase_a-getreent.o)
                0x14019cec                __getreent
 *(.glue_7)
 .glue_7        0x14019d18        0x0 linker stubs
 *(.glue_7t)
 .glue_7t       0x14019d18        0x0 linker stubs
 *(.stub)
 *(.gnu.warning)
 *(.gnu.linkonce.t*)
                0x14019d18                        . = ALIGN (0x4)
 *(.fini)
 .fini          0x14019d18        0xc C:/devkitPro/devkitARM/bin/../lib/gcc/arm-none-eabi/13.1.0/armv6k/fpu/crti.o
                0x14019d18                _fini
 .fini          0x14019d24        0xc C:/devkitPro/devkitARM/bin/../lib/gcc/arm-none-eabi/13.1.0/armv6k/fpu/crtn.o
                0x14019d30                        . = ALIGN (0x4)

.vfp11_veneer   0x14019d30        0x0
 .vfp11_veneer  0x14019d30        0x0 linker stubs

.v4_bx          0x14019d30        0x0
 .v4_bx         0x14019d30        0x0 linker stubs

.iplt           0x14019d30        0x0
 .iplt          0x14019d30        0x0 C:/devkitPro/devkitARM/bin/../lib/gcc/arm-none-eabi/13.1.0/../../../../arm-none-eabi/lib/armv6k/fpu/3dsx_crt0.o
                0x1401a000                        . = ALIGN (0x1000)

.rodata         0x1401a000     0x69ac
 *(.rodata)
 .rodata        0x1401a000       0x36 draw.o
 *fill*         0x1401a036        0x2 
 .rodata        0x1401a038       0x10 debug.o
 .rodata        0x1401a048        0x5 hio.o
 *fill*         0x1401a04d        0x3 
 .rodata        0x1401a050       0x30 process_list.o
 .rodata        0x1401a080      0x200 sysconfig.o
 *(.roda)
 *(.rodata.*)
 .rodata.osdata_xml
                0x1401a280      0x275 osdata.xml.o
                0x1401a280                osdata_xml
                0x1401a4f5                osdata_xml_end
 *fill*         0x1401a4f5        0x3 
 .rodata.osdata_cfw_version_template_xml
                0x1401a4f8       0xf1 osdata_cfw_version_template.xml.o
                0x1401a4f8                osdata_cfw_version_template_xml
                0x1401a5e9                osdata_cfw_version_template_xml_end
 *fill*         0x1401a5e9        0x3 
 .rodata.osdata_memory_template_xml
                0x1401a5ec      0x325 osdata_memory_template.xml.o
                0x1401a5ec                osdata_memory_template_xml
                0x1401a911                osdata_memory_template_xml_end
 *fill*         0x1401a911        0x3 
 .rodata.target_xml
                0x1401a914      0x6e7 target.xml.o
                0x1401a914                target_xml
                0x1401affb                target_xml_end
 *fill*         0x1401affb        0x1 
 .rodata.config_template_ini
                0x1401affc     0x1a79 config_template.ini.o
                0x1401affc                config_template_ini
                0x1401ca75                config_template_ini_end
 *fill*         0x1401ca75        0x3 
 .rodata.formatSizes.0
                0x1401ca78        0x5 draw.o
 *fill*         0x1401ca7d        0x3 
 .rodata.font   0x1401ca80      0xa00 draw.o
 .rodata.ERRF_FormatGenericInfo.str1.1
                0x1401d480       0x89 errdisp.o
                                 0x8b (size before relaxing)
 .rodata.ERRF_FormatError.str1.1
                0x1401d509      0x110 errdisp.o
                                0x11b (size before relaxing)
 .rodata.ERRF_HandleCommands.str1.1
                0x1401d619       0x72 errdisp.o
                                 0x73 (size before relaxing)
 .rodata.errDispThreadMain.str1.1
                0x1401d68b        0x6 errdisp.o
 .rodata.str1.1
                0x1401d691       0xb7 errdisp.o
 .rodata.exceptionTypes.0
                0x1401d748       0x14 errdisp.o
 .rodata.types.1
                0x1401d75c       0x1c errdisp.o
 .rodata.registerNames.2
                0x1401d778       0x44 errdisp.o
 .rodata.processNumber.str1.1
                0x1401d7bc       0x22 fmt.o
 .rodata.vsprintf.str1.1
                0x1401d7de        0x7 fmt.o
 .rodata.InputRedirection_DoOrUndoPatches.str1.1
                0x1401d7e5        0x7 input_redirection.o
 .rodata.hidOrigCode.2
                0x1401d7ec       0x14 input_redirection.o
 .rodata.hidOrigRegisterAndValue.3
                0x1401d800        0x8 input_redirection.o
 .rodata.irOrigCppFlagCode.12
                0x1401d808        0x8 input_redirection.o
 .rodata.irOrigWaitSyncCodeOld.13
                0x1401d810        0x8 input_redirection.o
 .rodata.irOrigWaitSyncCode.14
                0x1401d818        0xc input_redirection.o
 .rodata.LumaConfig_SaveSettings.str1.1
                0x1401d824       0x69 luma_config.o
                                 0x79 (size before relaxing)
 .rodata.str1.1
                0x1401d88d       0x84 luma_config.o
                                 0xa2 (size before relaxing)
 *fill*         0x1401d911        0x3 
 .rodata.CSWTCH.17
                0x1401d914        0xc luma_config.o
 .rodata.pinOptionToDigits.0
                0x1401d920       0x10 luma_config.o
 .rodata.keys.1
                0x1401d930       0x80 luma_config.o
 .rodata.initSystem.str1.1
                0x1401d9b0       0x53 main.o
 *fill*         0x1401da03        0x1 
 .rodata.values.0
                0x1401da04       0x1c main.o
 .rodata.notifications
                0x1401da20       0x68 main.o
 .rodata.services
                0x1401da88       0x10 main.o
 .rodata.hexItoa.str1.1
                0x1401da98       0x22 memory.o
 .rodata.menuDraw.str1.1
                0x1401da98       0x68 menu.o
                                 0x7d (size before relaxing)
 .rodata.menuThreadMain.str1.1
                0x1401db00       0x1f menu.o
 .rodata.RosalinaMenu_SaveSettings.str1.1
                0x1401db1f       0x3f menus.o
 .rodata.RosalinaMenu_ShowCredits.str1.1
                0x1401db5e      0x13d menus.o
 .rodata.RosalinaMenu_ShowDebugInfo.str1.1
                0x1401dc9b       0xb1 menus.o
 .rodata.RosalinaMenu_Reboot.str1.1
                0x1401dd4c       0x2e menus.o
 .rodata.RosalinaMenu_ChangeScreenBrightness.str1.1
                0x1401dd7a       0xfe menus.o
 .rodata.RosalinaMenu_PowerOff.str1.1
                0x1401de78       0x34 menus.o
 .rodata.RosalinaMenu_TakeScreenshot.str1.1
                0x1401deac       0xd5 menus.o
                                 0xd6 (size before relaxing)
 .rodata.str1.1
                0x1401df81       0xce menus.o
                                 0xd9 (size before relaxing)
 .rodata.miniSocLockState.str1.1
                0x1401e04f        0x6 minisoc.o
 .rodata.miniSocInit.str1.1
                0x1401e055        0x6 minisoc.o
 .rodata.handleShellOpened.str1.1
                0x1401e05b       0x11 shell.o
 .rodata.formatMemoryPermission.str1.1
                0x1401e05b        0x4 utils.o
 .rodata.formatUserMemoryState.str1.1
                0x1401e05f        0x8 utils.o
 .rodata.formatMemoryMapOfProcess.str1.1
                0x1401e067       0x23 utils.o
 .rodata.dateTimeToString.str1.1
                0x1401e08a       0x4f utils.o
 .rodata.floatToString.str1.1
                0x1401e0d9       0x20 utils.o
                                 0x2d (size before relaxing)
 *fill*         0x1401e0f9        0x7 
 .rodata.pow10.0
                0x1401e100       0x50 utils.o
 .rodata.daysInMonth.1
                0x1401e150        0xc utils.o
 .rodata.str1.1
                0x1401e15c       0x51 utils.o
                                 0x56 (size before relaxing)
 *fill*         0x1401e1ad        0x3 
 .rodata.states.2
                0x1401e1b0       0x30 utils.o
 .rodata.GDB_ParseCommonThreadInfo.isra.0.str1.1
                0x1401e1e0       0x67 debug.o
 .rodata.GDB_HandleBreak.str1.1
                0x1401e247        0x4 debug.o
 .rodata.GDB_SendStopReply.str1.1
                0x1401e24b       0x9b debug.o
                                 0xa5 (size before relaxing)
 .rodata.GDB_HandleGetStopReason.str1.1
                0x1401e2e6        0xc debug.o
 .rodata.str1.1
                0x1401e2f2        0x8 debug.o
                                  0xd (size before relaxing)
 *fill*         0x1401e2fa        0x2 
 .rodata.processExitReplies.0
                0x1401e2fc        0xc debug.o
 .rodata.threadExitRepliesSigs.1
                0x1401e308       0x10 debug.o
 .rodata.GDB_SendCurrentHioRequest.str1.1
                0x1401e318       0x12 hio.o
                                 0x17 (size before relaxing)
 .rodata.GDB_HandleQuerySearchMemory.str1.1
                0x1401e32a        0xd mem.o
                                  0xf (size before relaxing)
 .rodata.GDB_EncodeHex.str1.1
                0x1401e337       0x11 net.o
 .rodata.GDB_ReceivePacket.str1.1
                0x1401e337        0xd net.o
                                  0x4 (size before relaxing)
 .rodata.GDB_ReplyEmpty.str1.1
                0x1401e337        0x1 net.o
 .rodata.GDB_ReplyOk.str1.1
                0x1401e337        0x3 net.o
 .rodata.GDB_HandleQuerySupported.str1.1
                0x1401e33a       0x8d query.o
                                 0x9b (size before relaxing)
 .rodata.GDB_HandleQueryAttached.str1.1
                0x1401e3c7       0x8d query.o
                                  0x4 (size before relaxing)
 .rodata.str1.1
                0x1401e3c7       0x81 query.o
                                 0x83 (size before relaxing)
 .rodata.gdbQueryHandlers
                0x1401e448       0x9c query.o
 .rodata.GDB_HandleRemoteCommandSyncRequestInfo.str1.1
                0x1401e4e4       0xd8 remote_command.o
 .rodata.GDB_HandleRemoteCommandToggleExternalMemoryAccess.str1.1
                0x1401e5bc       0x3a remote_command.o
 .rodata.GDB_HandleRemoteCommandTranslateHandle.str1.1
                0x1401e5f6       0x58 remote_command.o
 .rodata.GDB_HandleRemoteCommandGetMmuConfig.part.0.str1.1
                0x1401e64e       0x2f remote_command.o
                                 0x39 (size before relaxing)
 .rodata.GDB_HandleQueryRcmd.str1.1
                0x1401e67d       0x17 remote_command.o
 .rodata.str1.1
                0x1401e694       0x5a remote_command.o
 *fill*         0x1401e6ee        0x2 
 .rodata.gdbCommandHandlers
                0x1401e6f0       0xb0 server.o
 .rodata.GDB_HandleToggleStopPoint.str1.1
                0x1401e7a0        0x8 stop_point.o
 .rodata.kinds.0
                0x1401e7a8        0x3 stop_point.o
 .rodata.GDB_ParseThreadId.str1.1
                0x1401e7ab        0x7 thread.o
 .rodata.GDB_EncodeThreadId.str1.1
                0x1401e7b2        0x9 thread.o
                                  0xd (size before relaxing)
 .rodata.GDB_HandleQueryCurrentThreadId.str1.1
                0x1401e7bb        0x5 thread.o
 .rodata.GDB_HandleQueryThreadExtraInfo.str1.1
                0x1401e7c0       0x7b thread.o
                                 0x7c (size before relaxing)
 .rodata.GDB_HandleQueryGetTLSAddr.str1.1
                0x1401e83b       0x7b thread.o
                                  0x6 (size before relaxing)
 .rodata.GDB_TioReplyErrno.str1.1
                0x1401e83b        0x8 tio.o
 .rodata.GDB_HandleTioOpen.str1.1
                0x1401e843        0x5 tio.o
                                  0x6 (size before relaxing)
 .rodata.GDB_HandleTioClose.str1.1
                0x1401e848        0x3 tio.o
 .rodata.GDB_HandleTioRead.str1.1
                0x1401e84b        0x8 tio.o
 .rodata.GDB_HandleTioReadlink.str1.1
                0x1401e853        0x4 tio.o
 .rodata.str1.1
                0x1401e857       0x34 tio.o
 *fill*         0x1401e88b        0x1 
 .rodata.gdbTioCommandHandlers
                0x1401e88c       0x40 tio.o
 .rodata.GDB_HandleVerboseContinueSupported.str1.1
                0x1401e8cc        0xa verbose.o
 .rodata.str1.1
                0x1401e8d6       0x2f verbose.o
 *fill*         0x1401e905        0x3 