Archive member included to satisfy reference by file (symbol)

C:/devkitPro/libctru/lib\libctru.a(synchronization.o)
                              main.o (__sync_init)
C:/devkitPro/libctru/lib\libctru.a(srv.o)
                              main.o (srvInit)
C:/devkitPro/libctru/lib\libctru.a(pxipm.o)
                              main.o (pxiPmInit)
C:/devkitPro/libctru/lib\libctru.a(srvpm.o)
                              C:/devkitPro/libctru/lib\libctru.a(srv.o) (srvPmGetSessionHandle)
C:/devkitPro/libctru/lib\libctru.a(fsreg.o)
                              main.o (fsRegInit)
C:/devkitPro/libctru/lib\libctru.a(fs.o)
                              bps_patcher.o (fsMakePath)
C:/devkitPro/libctru/lib\libctru.a(utf8_to_utf16.o)
                              hbldr.o (utf8_to_utf16)
C:/devkitPro/libctru/lib\libctru.a(decode_utf8.o)
                              C:/devkitPro/libctru/lib\libctru.a(utf8_to_utf16.o) (decode_utf8)
C:/devkitPro/libctru/lib\libctru.a(initArgv.o)
                              C:/devkitPro/devkitARM/bin/../lib/gcc/arm-none-eabi/13.1.0/../../../../arm-none-eabi/lib/armv6k/fpu/3dsx_crt0.o (__system_argc)
C:/devkitPro/libctru/lib\libctru.a(svc.o)
                              bps_patcher.o (svcControlMemory)
C:/devkitPro/libctru/lib\libctru.a(env.o)
                              C:/devkitPro/libctru/lib\libctru.a(srv.o) (envGetHandle)
C:/devkitPro/libctru/lib\libctru.a(3dslink.o)
                              C:/devkitPro/libctru/lib\libctru.a(initArgv.o) (__3dslink_host)
C:/devkitPro/libctru/lib\libctru.a(soc_connect.o)
                              C:/devkitPro/libctru/lib\libctru.a(3dslink.o) (connect)
C:/devkitPro/libctru/lib\libctru.a(soc_socket.o)
                              C:/devkitPro/libctru/lib\libctru.a(3dslink.o) (socket)
C:/devkitPro/libctru/lib\libctru.a(soc_common.o)
                              C:/devkitPro/libctru/lib\libctru.a(soc_connect.o) (_net_convert_error)
C:/devkitPro/libctru/lib\libctru.a(encode_utf16.o)
                              C:/devkitPro/libctru/lib\libctru.a(utf8_to_utf16.o) (encode_utf16)
C:/devkitPro/devkitARM/bin/../lib/gcc/arm-none-eabi/13.1.0/../../../../arm-none-eabi/lib/armv6k/fpu\libg.a(libc_a-memcmp.o)
                              memory.o (memcmp)
C:/devkitPro/devkitARM/bin/../lib/gcc/arm-none-eabi/13.1.0/../../../../arm-none-eabi/lib/armv6k/fpu\libg.a(libc_a-memmove.o)
                              patcher.o (memmove)
C:/devkitPro/devkitARM/bin/../lib/gcc/arm-none-eabi/13.1.0/../../../../arm-none-eabi/lib/armv6k/fpu\libg.a(libc_a-memset.o)
                              bps_patcher.o (memset)
C:/devkitPro/devkitARM/bin/../lib/gcc/arm-none-eabi/13.1.0/../../../../arm-none-eabi/lib/armv6k/fpu\libg.a(libc_a-strlen.o)
                              patcher.o (strlen)
C:/devkitPro/devkitARM/bin/../lib/gcc/arm-none-eabi/13.1.0/../../../../arm-none-eabi/lib/armv6k/fpu\libg.a(libc_a-fflush.o)
                              C:/devkitPro/libctru/lib\libctru.a(3dslink.o) (fflush)
C:/devkitPro/devkitARM/bin/../lib/gcc/arm-none-eabi/13.1.0/../../../../arm-none-eabi/lib/armv6k/fpu\libg.a(libc_a-strncmp.o)
                              C:/devkitPro/libctru/lib\libctru.a(initArgv.o) (strncmp)
C:/devkitPro/devkitARM/bin/../lib/gcc/arm-none-eabi/13.1.0/../../../../arm-none-eabi/lib/armv6k/fpu\libg.a(libc_a-fwalk.o)
                              C:/devkitPro/devkitARM/bin/../lib/gcc/arm-none-eabi/13.1.0/../../../../arm-none-eabi/lib/armv6k/fpu\libg.a(libc_a-fflush.o) (_fwalk_sglue)
C:/devkitPro/devkitARM/bin/../lib/gcc/arm-none-eabi/13.1.0/../../../../arm-none-eabi/lib/armv6k/fpu\libg.a(libc_a-strncpy.o)
                              hbldr.o (strncpy)
C:/devkitPro/devkitARM/bin/../lib/gcc/arm-none-eabi/13.1.0/../../../../arm-none-eabi/lib/armv6k/fpu\libg.a(libc_a-findfp.o)
                              C:/devkitPro/devkitARM/bin/../lib/gcc/arm-none-eabi/13.1.0/../../../../arm-none-eabi/lib/armv6k/fpu\libg.a(libc_a-fflush.o) (__sglue)
C:/devkitPro/devkitARM/bin/../lib/gcc/arm-none-eabi/13.1.0/../../../../arm-none-eabi/lib/armv6k/fpu\libg.a(libc_a-strnlen.o)
                              C:/devkitPro/libctru/lib\libctru.a(srv.o) (strnlen)
C:/devkitPro/devkitARM/bin/../lib/gcc/arm-none-eabi/13.1.0/../../../../arm-none-eabi/lib/armv6k/fpu\libg.a(libc_a-strtoul.o)
                              C:/devkitPro/libctru/lib\libctru.a(initArgv.o) (strtoul)
C:/devkitPro/devkitARM/bin/../lib/gcc/arm-none-eabi/13.1.0/../../../../arm-none-eabi/lib/armv6k/fpu\libg.a(libc_a-strcmp.o)
                              patcher.o (strcmp)
C:/devkitPro/devkitARM/bin/../lib/gcc/arm-none-eabi/13.1.0/../../../../arm-none-eabi/lib/armv6k/fpu\libg.a(libc_a-memcpy-stub.o)
                              bps_patcher.o (memcpy)
C:/devkitPro/devkitARM/bin/../lib/gcc/arm-none-eabi/13.1.0/../../../../arm-none-eabi/lib/armv6k/fpu\libg.a(libc_a-impure.o)
[...]
Memory Configuration

Name             Origin             Length             Attributes
*default*        0x00000000         0xffffffff

Linker script and memory map

                0x00100000                        PROVIDE (__start__ = 0x100000)
                0x00100000                        . = __start__

.text           0x14000000     0x6130
 *(.crt0)
 .crt0          0x14000000       0x94 C:/devkitPro/devkitARM/bin/../lib/gcc/arm-none-eabi/13.1.0/../../../../arm-none-eabi/lib/armv6k/fpu/3dsx_crt0.o
                0x14000000                _start
                0x14000008                __service_ptr
                0x1400000c                __apt_appid
                0x14000010                __heap_size
                0x14000014                __linear_heap_size
                0x14000018                __system_arglist
                0x1400001c                __system_runflags
 *(.init)
 .init          0x14000094        0xc C:/devkitPro/devkitARM/bin/../lib/gcc/arm-none-eabi/13.1.0/armv6k/fpu/crti.o
                0x14000094                _init
 .init          0x140000a0        0xc C:/devkitPro/devkitARM/bin/../lib/gcc/arm-none-eabi/13.1.0/armv6k/fpu/crtn.o
                0x140000ac                        . = ALIGN (0x4)
 *(.text)
 *fill*         0x140000ac       0x14 
 .text          0x140000c0      0x390 C:/devkitPro/devkitARM/bin/../lib/gcc/arm-none-eabi/13.1.0/../../../../arm-none-eabi/lib/armv6k/fpu\libg.a(libc_a-strcmp.o)
                0x140000c8                strcmp
 *(.text.*)
 .text.__do_global_dtors_aux
                0x14000450       0x40 C:/devkitPro/devkitARM/bin/../lib/gcc/arm-none-eabi/13.1.0/armv6k/fpu/crtbegin.o
 .text.frame_dummy
                0x14000490       0x2c C:/devkitPro/devkitARM/bin/../lib/gcc/arm-none-eabi/13.1.0/armv6k/fpu/crtbegin.o
 .text._ZN7patcher3BpsL5crc32EPKhj
                0x140004bc       0x4c bps_patcher.o
 .text.osGetMemRegionSize
                0x14000508       0x14 bps_patcher.o
 .text._ZN7patcher3Bps6StreamIKhE10ReadNumberEv
                0x1400051c       0x4c bps_patcher.o
                0x1400051c                patcher::Bps::Stream<unsigned char const>::ReadNumber()
 .text._ZN7patcher3Bps6StreamIhE8CopyFromIKhEEbRNS1_IT_EEj
                0x14000568       0x74 bps_patcher.o
                0x14000568                bool patcher::Bps::Stream<unsigned char>::CopyFrom<unsigned char const>(patcher::Bps::Stream<unsigned char const>&, unsigned int)
 .text._ZN7patcher3Bps12PatchApplier13HandleCommandEv
                0x140005dc      0x15c bps_patcher.o
                0x140005dc                patcher::Bps::PatchApplier::HandleCommand()
 .text.patcherApplyCodeBpsPatch
                0x14000738      0x308 bps_patcher.o
                0x14000738                patcherApplyCodeBpsPatch
 .text.Ldr_Get3dsxSize
                0x14000a40       0xbc 3dsx.o
                0x14000a40                Ldr_Get3dsxSize
 .text.Ldr_CodesetFrom3dsx
                0x14000afc      0x4c4 3dsx.o
                0x14000afc                Ldr_CodesetFrom3dsx
 .text.unlikely.panic.constprop.0
                0x14000fc0        0x4 hbldr.o
 .text.hbldrPatchExHeaderInfo
                0x14000fc4      0x20c hbldr.o
                0x14000fc4                hbldrPatchExHeaderInfo
 .text.hbldrLoadProcess
                0x140011d0      0x208 hbldr.o
                0x140011d0                hbldrLoadProcess
 .text.hbldrHandleCommands
                0x140013d8      0x104 hbldr.o
                0x140013d8                hbldrHandleCommands
 .text.IFile_Read.part.0
                0x140014dc       0x88 ifile.o
 .text.IFile_Open
                0x14001564       0x70 ifile.o
                0x14001564                IFile_Open
 .text.IFile_Close
                0x140015d4        0x8 ifile.o
                0x140015d4                IFile_Close
 .text.IFile_GetSize
                0x140015dc       0x24 ifile.o
                0x140015dc                IFile_GetSize
 .text.IFile_Read
                0x14001600       0x28 ifile.o
                0x14001600                IFile_Read
 .text.IFile_ReadAt
                0x14001628       0x48 ifile.o
                0x14001628                IFile_ReadAt
 .text.IFile_Read2
                0x14001670       0x54 ifile.o
                0x14001670                IFile_Read2
 .text.lzss_decompress.isra.0
                0x140016c4       0xbc loader.o
 .text.unlikely.panic.isra.0
                0x14001780        0x4 loader.o
 .text.GetProgramInfo
                0x14001784      0x244 loader.o
 .text.loaderHandleCommands
                0x140019c8      0x81c loader.o
                0x140019c8                loaderHandleCommands
 .text.unlikely.panic.isra.0
                0x140021e4        0x4 main.o
 .text.__wrap_exit
                0x140021e8        0x8 main.o
                0x140021e8                __wrap_exit
 .text.initSystem
                0x140021f0      0x2c4 main.o
                0x140021f0                initSystem
 .text.startup.main
                0x140024b4       0x5c main.o
                0x140024b4                main
 .text.memsearch
                0x14002510       0xdc memory.o
                0x14002510                memsearch
 .text.allocateProgramMemory
                0x140025ec       0x70 paslr.o
                0x140025ec                allocateProgramMemory
 .text.fileOpen.constprop.0
                0x1400265c       0x70 patcher.o
 .text.openSysmoduleCxi
                0x140026cc       0x7c patcher.o
                0x140026cc                openSysmoduleCxi
 .text.readSysmoduleCxiNcchHeader
                0x14002748       0x60 patcher.o
                0x14002748                readSysmoduleCxiNcchHeader
 .text.readSysmoduleCxiExHeaderInfo
                0x140027a8       0x70 patcher.o
                0x140027a8                readSysmoduleCxiExHeaderInfo
 .text.readSysmoduleCxiCode
                0x14002818      0x124 patcher.o
                0x14002818                readSysmoduleCxiCode
 .text.loadTitleCodeSection
                0x1400293c      0x114 patcher.o
                0x1400293c                loadTitleCodeSection
 .text.loadTitleExheaderInfo
                0x14002a50      0x114 patcher.o
                0x14002a50                loadTitleExheaderInfo
 .text.patchCode
                0x14002b64     0x196c patcher.o
                0x14002b64                patchCode
 .text.ServiceManager_Run
                0x140044d0      0x59c service_manager.o
                0x140044d0                ServiceManager_Run
 .text.progIdToStr
                0x14004a6c       0x38 strings.o
                0x14004a6c                progIdToStr
 .text.__sync_init
                0x14004aa4        0xc C:/devkitPro/libctru/lib\libctru.a(synchronization.o)
                0x14004aa4                __sync_init
 .text.srvInit  0x14004ab0      0x12c C:/devkitPro/libctru/lib\libctru.a(srv.o)
                0x14004ab0                srvInit
 .text.srvEnableNotification
                0x14004bdc       0x60 C:/devkitPro/libctru/lib\libctru.a(srv.o)
                0x14004bdc                srvEnableNotification
 .text.srvRegisterService
                0x14004c3c       0x90 C:/devkitPro/libctru/lib\libctru.a(srv.o)
                0x14004c3c                srvRegisterService
 .text.srvUnregisterService
                0x14004ccc       0x58 C:/devkitPro/libctru/lib\libctru.a(srv.o)
                0x14004ccc                srvUnregisterService
 .text.srvGetServiceHandleDirect
                0x14004d24       0xa0 C:/devkitPro/libctru/lib\libctru.a(srv.o)
                0x14004d24                srvGetServiceHandleDirect
 .text.srvGetServiceHandle
                0x14004dc4       0x38 C:/devkitPro/libctru/lib\libctru.a(srv.o)
                0x14004dc4                srvGetServiceHandle
 .text.srvSubscribe
                0x14004dfc       0x34 C:/devkitPro/libctru/lib\libctru.a(srv.o)
                0x14004dfc                srvSubscribe
 .text.srvUnsubscribe
                0x14004e30       0x34 C:/devkitPro/libctru/lib\libctru.a(srv.o)
                0x14004e30                srvUnsubscribe
 .text.srvReceiveNotification
                0x14004e64       0x60 C:/devkitPro/libctru/lib\libctru.a(srv.o)
                0x14004e64                srvReceiveNotification
 .text.pxiPmInit
                0x14004ec4       0x74 C:/devkitPro/libctru/lib\libctru.a(pxipm.o)
                0x14004ec4                pxiPmInit
 .text.PXIPM_GetProgramInfo
                0x14004f38       0x48 C:/devkitPro/libctru/lib\libctru.a(pxipm.o)
                0x14004f38                PXIPM_GetProgramInfo
 .text.PXIPM_RegisterProgram
                0x14004f80       0x7c C:/devkitPro/libctru/lib\libctru.a(pxipm.o)
                0x14004f80                PXIPM_RegisterProgram
 .text.PXIPM_UnregisterProgram
                0x14004ffc       0x38 C:/devkitPro/libctru/lib\libctru.a(pxipm.o)
                0x14004ffc                PXIPM_UnregisterProgram
 .text.srvPmGetSessionHandle
                0x14005034        0xc C:/devkitPro/libctru/lib\libctru.a(srvpm.o)
                0x14005034                srvPmGetSessionHandle
 .text.fsRegInit
                0x14005040       0x74 C:/devkitPro/libctru/lib\libctru.a(fsreg.o)
                0x14005040                fsRegInit
 .text.FSREG_Register
                0x140050b4       0xa0 C:/devkitPro/libctru/lib\libctru.a(fsreg.o)
                0x140050b4                FSREG_Register
 .text.FSREG_GetProgramInfo
                0x14005154       0x5c C:/devkitPro/libctru/lib\libctru.a(fsreg.o)
                0x14005154                FSREG_GetProgramInfo
 .text.FSREG_LoadProgram
                0x140051b0       0x5c C:/devkitPro/libctru/lib\libctru.a(fsreg.o)
                0x140051b0                FSREG_LoadProgram
 .text.FSREG_UnloadProgram
                0x1400520c       0x38 C:/devkitPro/libctru/lib\libctru.a(fsreg.o)
                0x1400520c                FSREG_UnloadProgram
 .text.FSREG_CheckHostLoadId
                0x14005244       0x38 C:/devkitPro/libctru/lib\libctru.a(fsreg.o)
                0x14005244                FSREG_CheckHostLoadId
 .text.fsMakePath
                0x1400527c       0x84 C:/devkitPro/libctru/lib\libctru.a(fs.o)
                0x1400527c                fsMakePath
 .text.fsGetSessionHandle
                0x14005300        0xc C:/devkitPro/libctru/lib\libctru.a(fs.o)
                0x14005300                fsGetSessionHandle
 .text.FSUSER_OpenFileDirectly
                0x1400530c       0xd4 C:/devkitPro/libctru/lib\libctru.a(fs.o)
                0x1400530c                FSUSER_OpenFileDirectly
 .text.FSUSER_OpenDirectory
                0x140053e0       0xb4 C:/devkitPro/libctru/lib\libctru.a(fs.o)
                0x140053e0                FSUSER_OpenDirectory
 .text.FSUSER_OpenArchive
                0x14005494       0x94 C:/devkitPro/libctru/lib\libctru.a(fs.o)
                0x14005494                FSUSER_OpenArchive
 .text.FSUSER_CloseArchive
                0x14005528       0x8c C:/devkitPro/libctru/lib\libctru.a(fs.o)
                0x14005528                FSUSER_CloseArchive
 .text.FSUSER_InitializeWithSdkVersion
                0x140055b4       0x30 C:/devkitPro/libctru/lib\libctru.a(fs.o)
                0x140055b4                FSUSER_InitializeWithSdkVersion
 .text.FSUSER_SetPriority
                0x140055e4       0x48 C:/devkitPro/libctru/lib\libctru.a(fs.o)
                0x140055e4                FSUSER_SetPriority
 .text.FSFILE_Read
                0x1400562c       0x58 C:/devkitPro/libctru/lib\libctru.a(fs.o)
                0x1400562c                FSFILE_Read
 .text.FSFILE_GetSize
                0x14005684       0x38 C:/devkitPro/libctru/lib\libctru.a(fs.o)
                0x14005684                FSFILE_GetSize
 .text.FSFILE_Close
                0x140056bc       0x3c C:/devkitPro/libctru/lib\libctru.a(fs.o)
                0x140056bc                FSFILE_Close
 .text.FSDIR_Close
                0x140056f8       0x3c C:/devkitPro/libctru/lib\libctru.a(fs.o)
                0x140056f8                FSDIR_Close
 .text.utf8_to_utf16
                0x14005734       0xc0 C:/devkitPro/libctru/lib\libctru.a(utf8_to_utf16.o)
                0x14005734                utf8_to_utf16
 .text.decode_utf8
                0x140057f4      0x13c C:/devkitPro/libctru/lib\libctru.a(decode_utf8.o)
                0x140057f4                decode_utf8
 .text.svcControlMemory
                0x14005930       0x20 C:/devkitPro/libctru/lib\libctru.a(svc.o)
                0x14005930                svcControlMemory
 .text.svcExitProcess
                0x14005950        0x8 C:/devkitPro/libctru/lib\libctru.a(svc.o)
                0x14005950                svcExitProcess
 .text.svcSleepThread
                0x14005958        0x8 C:/devkitPro/libctru/lib\libctru.a(svc.o)
                0x14005958                svcSleepThread
 .text.svcCreateAddressArbiter
                0x14005960       0x14 C:/devkitPro/libctru/lib\libctru.a(svc.o)
                0x14005960                svcCreateAddressArbiter
 .text.svcCloseHandle
                0x14005974        0x8 C:/devkitPro/libctru/lib\libctru.a(svc.o)
                0x14005974                svcCloseHandle
 .text.svcDuplicateHandle
                0x1400597c       0x14 C:/devkitPro/libctru/lib\libctru.a(svc.o)
                0x1400597c                svcDuplicateHandle
 .text.svcGetSystemInfo
                0x14005990       0x18 C:/devkitPro/libctru/lib\libctru.a(svc.o)
                0x14005990                svcGetSystemInfo
 .text.svcConnectToPort
                0x140059a8       0x14 C:/devkitPro/libctru/lib\libctru.a(svc.o)
                0x140059a8                svcConnectToPort
 .text.svcSendSyncRequest
                0x140059bc        0x8 C:/devkitPro/libctru/lib\libctru.a(svc.o)
                0x140059bc                svcSendSyncRequest
 .text.svcGetProcessId
                0x140059c4       0x14 C:/devkitPro/libctru/lib\libctru.a(svc.o)
                0x140059c4                svcGetProcessId
 .text.svcBreak
                0x140059d8        0x8 C:/devkitPro/libctru/lib\libctru.a(svc.o)
                0x140059d8                svcBreak
 .text.svcCreatePort
                0x140059e0       0x20 C:/devkitPro/libctru/lib\libctru.a(svc.o)
                0x140059e0                svcCreatePort
 .text.svcAcceptSession
                0x14005a00       0x18 C:/devkitPro/libctru/lib\libctru.a(svc.o)
                0x14005a00                svcAcceptSession
 .text.svcReplyAndReceive
                0x14005a18       0x18 C:/devkitPro/libctru/lib\libctru.a(svc.o)
                0x14005a18                svcReplyAndReceive
 .text.svcCreateCodeSet
                0x14005a30       0x1c C:/devkitPro/libctru/lib\libctru.a(svc.o)
                0x14005a30                svcCreateCodeSet
 .text.svcCreateProcess
                0x14005a4c       0x18 C:/devkitPro/libctru/lib\libctru.a(svc.o)
                0x14005a4c                svcCreateProcess
 .text.svcKernelSetState
                0x14005a64        0x8 C:/devkitPro/libctru/lib\libctru.a(svc.o)
                0x14005a64                svcKernelSetState
 .text.envGetHandle
                0x14005a6c       0x84 C:/devkitPro/libctru/lib\libctru.a(env.o)
                0x14005a6c                envGetHandle
 .text.encode_utf16
                0x14005af0       0x54 C:/devkitPro/libctru/lib\libctru.a(encode_utf16.o)
                0x14005af0                encode_utf16
 .text.memcmp   0x14005b44       0xd8 C:/devkitPro/devkitARM/bin/../lib/gcc/arm-none-eabi/13.1.0/../../../../arm-none-eabi/lib/armv6k/fpu\libg.a(libc_a-memcmp.o)
                0x14005b44                memcmp
 .text.memmove  0x14005c1c      0x150 C:/devkitPro/devkitARM/bin/../lib/gcc/arm-none-eabi/13.1.0/../../../../arm-none-eabi/lib/armv6k/fpu\libg.a(libc_a-memmove.o)
                0x14005c1c                memmove
 .text.memset   0x14005d6c       0xf4 C:/devkitPro/devkitARM/bin/../lib/gcc/arm-none-eabi/13.1.0/../../../../arm-none-eabi/lib/armv6k/fpu\libg.a(libc_a-memset.o)
                0x14005d6c                memset
 .text.strlen   0x14005e60       0x90 C:/devkitPro/devkitARM/bin/../lib/gcc/arm-none-eabi/13.1.0/../../../../arm-none-eabi/lib/armv6k/fpu\libg.a(libc_a-strlen.o)
                0x14005e60                strlen
 .text.strncpy  0x14005ef0       0xc4 C:/devkitPro/devkitARM/bin/../lib/gcc/arm-none-eabi/13.1.0/../../../../arm-none-eabi/lib/armv6k/fpu\libg.a(libc_a-strncpy.o)
                0x14005ef0                strncpy
 .text.strnlen  0x14005fb4       0x48 C:/devkitPro/devkitARM/bin/../lib/gcc/arm-none-eabi/13.1.0/../../../../arm-none-eabi/lib/armv6k/fpu\libg.a(libc_a-strnlen.o)
                0x14005fb4                strnlen
 .text.memcpy   0x14005ffc      0x11c C:/devkitPro/devkitARM/bin/../lib/gcc/arm-none-eabi/13.1.0/../../../../arm-none-eabi/lib/armv6k/fpu\libg.a(libc_a-memcpy-stub.o)
                0x14005ffc                memcpy
 *(.glue_7)
 .glue_7        0x14006118        0x0 linker stubs
 *(.glue_7t)
 .glue_7t       0x14006118        0x0 linker stubs
 *(.stub)
 *(.gnu.warning)
 *(.gnu.linkonce.t*)
                0x14006118                        . = ALIGN (0x4)
 *(.fini)
 .fini          0x14006118        0xc C:/devkitPro/devkitARM/bin/../lib/gcc/arm-none-eabi/13.1.0/armv6k/fpu/crti.o
                0x14006118                _fini
 .fini          0x14006124        0xc C:/devkitPro/devkitARM/bin/../lib/gcc/arm-none-eabi/13.1.0/armv6k/fpu/crtn.o
                0x14006130                        . = ALIGN (0x4)

.vfp11_veneer   0x14006130        0x0
 .vfp11_veneer  0x14006130        0x0 linker stubs

.v4_bx          0x14006130        0x0
 .v4_bx         0x14006130        0x0 linker stubs

.iplt           0x14006130        0x0
 .iplt          0x14006130        0x0 C:/devkitPro/devkitARM/bin/../lib/gcc/arm-none-eabi/13.1.0/../../../../arm-none-eabi/lib/armv6k/fpu/3dsx_crt0.o
                0x14007000                        . = ALIGN (0x1000)

.rodata         0x14007000      0xb90
 *(.rodata)
 .rodata        0x14007000        0xc bps_patcher.o
 .rodata        0x1400700c       0x18 patcher.o
 *(.roda)
 *(.rodata.*)
 .rodata.patcherApplyCodeBpsPatch.str1.4
                0x14007024       0x27 bps_patcher.o
 .rodata.str1.4
                0x1400704b       0x27 bps_patcher.o
                                  0x1 (size before relaxing)
 *fill*         0x1400704b        0x1 
 .rodata.hbldrPatchExHeaderInfo.str1.4
                0x1400704c        0x9 hbldr.o
 *fill*         0x14007055        0x3 
 .rodata.hbldrLoadProcess.str2.4
                0x14007058       0x16 hbldr.o
 *fill*         0x1400706e        0x2 
 .rodata.hbldrLoadProcess.str1.4
                0x14007070       0x10 hbldr.o
                                 0x11 (size before relaxing)
 .rodata.kernelCaps
                0x14007080       0x40 hbldr.o
 .rodata.dependencyListSafeFirmUids
                0x140070c0       0x2c hbldr.o
 .rodata.dependencyListNativeFirmUids
                0x140070ec       0x48 hbldr.o
 .rodata.serviceList
                0x14007134      0x110 hbldr.o
 .rodata.codeContentPath
                0x14007244        0xc loader.o
 .rodata.initSystem.str1.4
                0x14007250        0x7 main.o
 *fill*         0x14007257        0x1 
 .rodata.notifications
                0x14007258        0x8 main.o
 .rodata.str1.4
                0x14007260        0xf main.o
 *fill*         0x1400726f        0x1 
 .rodata.services
                0x14007270       0x30 main.o
 .rodata.fileOpen.constprop.0.str1.4
                0x140072a0        0x1 patcher.o
 .rodata.openSysmoduleCxi.str1.4
                0x140072a0       0x26 patcher.o
 *fill*         0x140072c6        0x2 
 .rodata.readSysmoduleCxiCode.str1.4
                0x140072c8        0x6 patcher.o
 *fill*         0x140072ce        0x2 
 .rodata.loadTitleCodeSection.str1.4
                0x140072d0       0x27 patcher.o
 *fill*         0x140072f7        0x1 
 .rodata.loadTitleExheaderInfo.str1.4
                0x140072f8       0x2b patcher.o
 *fill*         0x14007323        0x1 
 .rodata.patchCode.str1.4
                0x14007324       0xc5 patcher.o
 *fill*         0x140073e9        0x3 
 .rodata.str1.4
                0x140073ec      0x2e9 patcher.o
                                0x2ed (size before relaxing)
 *fill*         0x140076d5        0x3 
 .rodata.updateRomFsMounts.0
                0x140076d8       0x14 patcher.o
 .rodata.countries.1
                0x140076ec      0x2e8 patcher.o
 .rodata.languages.2
                0x140079d4       0x34 patcher.o
 .rodata.regions.3
                0x14007a08       0x20 patcher.o
 .rodata.paths.6
                0x14007a28       0x14 patcher.o
 .rodata.pattern.8
                0x14007a3c        0x5 patcher.o
 *fill*         0x14007a41        0x3 
 .rodata.pattern3.10
                0x14007a44        0x1 patcher.o
 *fill*         0x14007a45        0x3 
 .rodata.pattern2.11
                0x14007a48        0xc patcher.o
 .rodata.pattern.13
                0x14007a54        0x4 patcher.o
 .rodata.pattern3.14
                0x14007a58        0x4 patcher.o
 .rodata.pattern2.15
                0x14007a5c        0x4 patcher.o
 .rodata.pattern.17
                0x14007a60        0x4 patcher.o
 .rodata.pattern.19
                0x14007a64        0x8 patcher.o
 .rodata.pattern.21
                0x14007a6c        0x4 patcher.o
 .rodata.pattern.22
                0x14007a70        0x4 patcher.o
 .rodata.pattern.23
                0x14007a74        0x4 patcher.o
 .rodata.pattern.25
                0x14007a78        0x4 patcher.o
 .rodata.pattern.26
                0x14007a7c        0x6 patcher.o
 *fill*         0x14007a82        0x2 
 .rodata.str2.4
                0x14007a84       0x9a patcher.o
 *fill*         0x14007b1e        0x2 
 .rodata.verStringsEmuSys.27
                0x14007b20       0x10 patcher.o
 .rodata.verStringsSysEmu.28
                0x14007b30       0x10 patcher.o
 .rodata.verStringsNands.29
                0x14007b40       0x14 patcher.o
 .rodata.pattern.31
                0x14007b54        0x6 patcher.o
 *fill*         0x14007b5a        0x2 
 .rodata.pattern.33
                0x14007b5c        0x4 patcher.o
 .rodata.hexDigits.0
                0x14007b60       0x11 strings.o
 *fill*         0x14007b71        0x3 
 .rodata.srvInit.str1.4
                0x14007b74        0x5 C:/devkitPro/libctru/lib\libctru.a(srv.o)
 *fill*         0x14007b79        0x3 
 .rodata.pxiPmInit.str1.4
                0x14007b7c        0x6 C:/devkitPro/libctru/lib\libctru.a(pxipm.o)
 *fill*         0x14007b82        0x2 
 .rodata.fsRegInit.str1.4
                0x14007b84        0x7 C:/devkitPro/libctru/lib\libctru.a(fsreg.o)
 .rodata.fsMakePath.str1.4
                0x14007b8b        0x1 C:/devkitPro/libctru/lib\libctru.a(fs.o)
 *all.rodata*(*)
 *(.gnu.linkonce.r*)
                0x14007b8c                        . = ALIGN (0x4)
 *fill*         0x14007b8b        0x1 
                0x14007b8c                        __tdata_align = .
                0x14007b8c        0x4 LONG 0x4 ALIGNOF (.tdata)
                0x14007b90                        . = ALIGN (0x4)

.eh_frame       0x14007b90        0x0
 .eh_frame      0x14007b90        0x0 C:/devkitPro/devkitARM/bin/../lib/gcc/arm-none-eabi/13.1.0/armv6k/fpu/crtbegin.o

.rel.dyn        0x14007b90        0x0
 .rel.iplt      0x14007b90        0x0 C:/devkitPro/devkitARM/bin/../lib/gcc/arm-none-eabi/13.1.0/../../../../arm-none-eabi/lib/armv6k/fpu/3dsx_crt0.o

.ARM.extab
 *(.ARM.extab* .gnu.linkonce.armextab.*)
                0x14007b90                        __exidx_start = .

ARM.exidx
 *(.ARM.exidx* .gnu.linkonce.armexidx.*)
                0x14007b90                        __exidx_end = .
                0x14008000                        . = ALIGN (0x1000)

.data           0x14008000      0x120
 *(.data)
 *(.data.*)
 .data.romfsRedirPatch
                0x14008000      0x120 romfsredir.o
                0x14008000                romfsRedirPatch
                0x14008004                romfsRedirPatchSubstituted1
                0x14008008                romfsRedirPatchHook1
                0x14008010                romfsRedirPatchSubstituted2
                0x14008014                romfsRedirPatchHook2
                0x14008100                romfsRedirPatchArchiveName
                0x14008104                romfsRedirPatchFsMountArchive
                0x14008108                romfsRedirPatchFsRegisterArchive
                0x1400810c                romfsRedirPatchArchiveId
                0x14008110                romfsRedirPatchRomFsMount
                0x14008114                romfsRedirPatchUpdateRomFsMount
                0x14008118                romfsRedirPatchCustomPath
                0x1400811c                romfsRedirPatchSize
 *(.gnu.linkonce.d*)
                0x14008120                        . = ALIGN (0x4)

.igot.plt       0x14008120        0x0
 .igot.plt      0x14008120        0x0 C:/devkitPro/devkitARM/bin/../lib/gcc/arm-none-eabi/13.1.0/../../../../arm-none-eabi/lib/armv6k/fpu/3dsx_crt0.o

.tdata          0x14008120        0x0
                0x14008120                        __tdata_lma = .
 *(.tdata)
 *(.tdata.*)
 *(.gnu.linkonce.td.*)
                0x14008120                        . = ALIGN (0x4)
                0x14008120                        __tdata_lma_end = .

.tbss           0x14008120        0x0
 *(.tbss)
 *(.tbss.*)
 *(.gnu.linkonce.tb.*)
 *(.tcommon)
                0x14008120                        . = ALIGN (0x4)

.preinit_array  0x14008120        0x0
                [!provide]                        PROVIDE (__preinit_array_start = .)
 *(.preinit_array)
                [!provide]                        PROVIDE (__preinit_array_end = .)

.init_array     0x14008120        0x4
                [!provide]                        PROVIDE (__init_array_start = .)
 *(SORT_BY_NAME(.init_array.*))
 *(.init_array)
 .init_array    0x14008120        0x4 C:/devkitPro/devkitARM/bin/../lib/gcc/arm-none-eabi/13.1.0/armv6k/fpu/crtbegin.o
                [!provide]                        PROVIDE (__init_array_end = .)

.fini_array     0x14008124        0x4
                [!provide]                        PROVIDE (__fini_array_start = .)
 *(.fini_array)
 .fini_array    0x14008124        0x4 C:/devkitPro/devkitARM/bin/../lib/gcc/arm-none-eabi/13.1.0/armv6k/fpu/crtbegin.o
 *(SORT_BY_NAME(.fini_array.*))
                [!provide]                        PROVIDE (__fini_array_end = .)

.ctors
 *crtbegin.o(.ctors)
 *(EXCLUDE_FILE(*crtend.o) .ctors)
 *(SORT_BY_NAME(.ctors.*))
 *(.ctors)

.dtors
 *crtbegin.o(.dtors)
 *(EXCLUDE_FILE(*crtend.o) .dtors)
 *(SORT_BY_NAME(.dtors.*))
 *(.dtors)
                0x14008128                        __bss_start__ = .

.bss            0x14008128     0x190c
 *(.dynbss)
 *(.bss)
 *(.bss.*)
 .bss.completed.1
                0x14008128        0x1 C:/devkitPro/devkitARM/bin/../lib/gcc/arm-none-eabi/13.1.0/armv6k/fpu/crtbegin.o
 *fill*         0x14008129        0x3 
 .bss.object.0  0x1400812c       0x18 C:/devkitPro/devkitARM/bin/../lib/gcc/arm-none-eabi/13.1.0/armv6k/fpu/crtbegin.o
 .bss.ldrArgvBuf
                0x14008144      0x400 3dsx.o
                0x14008144                ldrArgvBuf
 .bss.s_relocBuf
                0x14008544      0x800 3dsx.o
 .bss.hbldrTarget
                0x14008d44      0x200 hbldr.o
 .bss.g_cached_sysmoduleCxiNcch
                0x14008f44      0x200 loader.o
 *fill*         0x14009144        0x4 
 .bss.g_cached_sysmoduleCxiCookie
                0x14009148        0x8 loader.o
 .bss.g_cached_sysmoduleCxiFile
                0x14009150       0x18 loader.o
 .bss.g_exheaderInfo
                0x14009168      0x400 loader.o
 .bss.g_cached_programHandle
                0x14009568        0x8 loader.o
 .bss.staticBufferForHbldr
                0x14009570      0x400 main.o
 .bss.isSdMode  0x14009970        0x1 main.o
                0x14009970                isSdMode
 .bss.isN3DS    0x14009971        0x1 main.o
                0x14009971                isN3DS
 *fill*         0x14009972        0x2 
 .bss.bootConfig
                0x14009974        0x4 main.o
                0x14009974                bootConfig
 .bss.multiConfig
                0x14009978        0x4 main.o
                0x14009978                multiConfig
 .bss.config    0x1400997c        0x4 main.o
                0x1400997c                config
 .bss.exists.4  0x14009980        0x1 patcher.o
 *fill*         0x14009981        0x3 
 .bss.patch.30  0x14009984        0x4 patcher.o
 .bss.arbiter   0x14009988        0x4 C:/devkitPro/libctru/lib\libctru.a(synchronization.o)
 .bss.srvRefCount
                0x1400998c        0x4 C:/devkitPro/libctru/lib\libctru.a(srv.o)
 .bss.srvHandle
                0x14009990        0x4 C:/devkitPro/libctru/lib\libctru.a(srv.o)
 .bss.pxiPmRefCount
                0x14009994        0x4 C:/devkitPro/libctru/lib\libctru.a(pxipm.o)
 .bss.pxiPmHandle
                0x14009998        0x4 C:/devkitPro/libctru/lib\libctru.a(pxipm.o)
 .bss.srvPmHandle
                0x1400999c        0x4 C:/devkitPro/libctru/lib\libctru.a(srvpm.o)
 .bss.fsRegRefCount
                0x140099a0        0x4 C:/devkitPro/libctru/lib\libctru.a(fsreg.o)
 .bss.fsRegHandle
                0x140099a4        0x4 C:/devkitPro/libctru/lib\libctru.a(fsreg.o)
 .bss.fsExemptArchives
                0x140099a8       0x80 C:/devkitPro/libctru/lib\libctru.a(fs.o)
 .bss.fsuHandle
                0x14009a28        0x4 C:/devkitPro/libctru/lib\libctru.a(fs.o)
 .bss.__system_argv
                0x14009a2c        0x4 C:/devkitPro/libctru/lib\libctru.a(initArgv.o)
                0x14009a2c                __system_argv
 .bss.__system_argc
                0x14009a30        0x4 C:/devkitPro/libctru/lib\libctru.a(initArgv.o)
                0x14009a30                __system_argc
 *(.gnu.linkonce.b*)
 *(COMMON)
                0x14009a34                        . = (0x8 + ABSOLUTE (ALIGN (ABSOLUTE ((. - 0x8)), ALIGNOF (.tdata))))
                0x14009a34                        __tls_start = .
                0x14009a34                        . = (. + SIZEOF (.tdata))
                0x14009a34                        . = ALIGN (ALIGNOF (.tbss))
                0x14009a34                        . = (. + SIZEOF (.tbss))
                0x14009a34                        __tls_end = .
                0x14009a34                        __bss_end__ = .
                0x14009a34                        __end__ = ABSOLUTE (.)

/DISCARD/
 *(.group .comment .note)

.stab
 *(.stab)

.stabstr
 *(.stabstr)

.stab.excl
 *(.stab.excl)

.stab.exclstr
 *(.stab.exclstr)

.stab.index
 *(.stab.index)

.stab.indexstr
 *(.stab.indexstr)

.debug
 *(.debug)

.line
 *(.line)

.debug_srcinfo
 *(.debug_srcinfo)

.debug_sfnames
 *(.debug_sfnames)

.debug_aranges  0x00000000      0xc98
 *(.debug_aranges)
 .debug_aranges
                0x00000000       0x48 bps_patcher.o
 .debug_aranges
                0x00000048       0x28 3dsx.o
 .debug_aranges
                0x00000070       0x38 hbldr.o
 .debug_aranges
                0x000000a8       0x68 ifile.o
 .debug_aranges
                0x00000110       0x38 loader.o
 .debug_aranges
                0x00000148       0x40 main.o
 .debug_aranges
                0x00000188       0x20 memory.o
 .debug_aranges
                0x000001a8       0x20 paslr.o
 .debug_aranges
                0x000001c8       0x58 patcher.o
 .debug_aranges
                0x00000220       0x20 service_manager.o
 .debug_aranges
                0x00000240       0x20 strings.o
 .debug_aranges
                0x00000260       0xf0 C:/devkitPro/libctru/lib\libctru.a(synchronization.o)
 .debug_aranges
                0x00000350       0xc0 C:/devkitPro/libctru/lib\libctru.a(srv.o)
 .debug_aranges
                0x00000410       0x48 C:/devkitPro/libctru/lib\libctru.a(pxipm.o)
 .debug_aranges
                0x00000458       0x50 C:/devkitPro/libctru/lib\libctru.a(srvpm.o)
 .debug_aranges
                0x000004a8       0x60 C:/devkitPro/libctru/lib\libctru.a(fsreg.o)
 .debug_aranges
                0x00000508      0x3b8 C:/devkitPro/libctru/lib\libctru.a(fs.o)
 .debug_aranges
                0x000008c0       0x20 C:/devkitPro/libctru/lib\libctru.a(utf8_to_utf16.o)
 .debug_aranges
                0x000008e0       0x20 C:/devkitPro/libctru/lib\libctru.a(decode_utf8.o)
 .debug_aranges
                0x00000900       0x20 C:/devkitPro/libctru/lib\libctru.a(initArgv.o)
 .debug_aranges
                0x00000920      0x330 C:/devkitPro/libctru/lib\libctru.a(svc.o)
 .debug_aranges
                0x00000c50       0x28 C:/devkitPro/libctru/lib\libctru.a(env.o)
 .debug_aranges
                0x00000c78       0x20 C:/devkitPro/libctru/lib\libctru.a(encode_utf16.o)

.debug_pubnames
 *(.debug_pubnames)

.debug_info     0x00000000    0x2334d
 *(.debug_info)
 .debug_info    0x00000000     0x82ab bps_patcher.o
 .debug_info    0x000082ab      0xb8f 3dsx.o
 .debug_info    0x00008e3a     0x1866 hbldr.o
 .debug_info    0x0000a6a0      0xb37 ifile.o
 .debug_info    0x0000b1d7     0x27da loader.o
 .debug_info    0x0000d9b1      0xe68 main.o
 .debug_info    0x0000e819      0x233 memory.o
 .debug_info    0x0000ea4c      0xafe paslr.o
 .debug_info    0x0000f54a     0x3828 patcher.o
 .debug_info    0x00012d72      0x779 service_manager.o
 .debug_info    0x000134eb      0x140 strings.o
 .debug_info    0x0001362b     0x2956 C:/devkitPro/libctru/lib\libctru.a(synchronization.o)
 .debug_info    0x00015f81     0x1af2 C:/devkitPro/libctru/lib\libctru.a(srv.o)
 .debug_info    0x00017a73      0xa63 C:/devkitPro/libctru/lib\libctru.a(pxipm.o)
 .debug_info    0x000184d6      0x872 C:/devkitPro/libctru/lib\libctru.a(srvpm.o)
 .debug_info    0x00018d48      0xccf C:/devkitPro/libctru/lib\libctru.a(fsreg.o)
 .debug_info    0x00019a17     0x8f48 C:/devkitPro/libctru/lib\libctru.a(fs.o)
 .debug_info    0x0002295f      0x205 C:/devkitPro/libctru/lib\libctru.a(utf8_to_utf16.o)
 .debug_info    0x00022b64      0x158 C:/devkitPro/libctru/lib\libctru.a(decode_utf8.o)
 .debug_info    0x00022cbc      0x2bc C:/devkitPro/libctru/lib\libctru.a(initArgv.o)
 .debug_info    0x00022f78       0x23 C:/devkitPro/libctru/lib\libctru.a(svc.o)
 .debug_info    0x00022f9b      0x2a9 C:/devkitPro/libctru/lib\libctru.a(env.o)
 .debug_info    0x00023244      0x109 C:/devkitPro/libctru/lib\libctru.a(encode_utf16.o)

.debug_abbrev   0x00000000     0x47b3
 *(.debug_abbrev)
 .debug_abbrev  0x00000000      0xac1 bps_patcher.o
 .debug_abbrev  0x00000ac1      0x2c8 3dsx.o
 .debug_abbrev  0x00000d89      0x458 hbldr.o
 .debug_abbrev  0x000011e1      0x266 ifile.o
 .debug_abbrev  0x00001447      0x488 loader.o
 .debug_abbrev  0x000018cf      0x416 main.o
 .debug_abbrev  0x00001ce5      0x131 memory.o
 .debug_abbrev  0x00001e16      0x293 paslr.o
 .debug_abbrev  0x000020a9      0x589 patcher.o
 .debug_abbrev  0x00002632      0x25c service_manager.o
 .debug_abbrev  0x0000288e       0xb5 strings.o
 .debug_abbrev  0x00002943      0x4f2 C:/devkitPro/libctru/lib\libctru.a(synchronization.o)
 .debug_abbrev  0x00002e35      0x514 C:/devkitPro/libctru/lib\libctru.a(srv.o)
 .debug_abbrev  0x00003349      0x2c5 C:/devkitPro/libctru/lib\libctru.a(pxipm.o)
 .debug_abbrev  0x0000360e      0x2f1 C:/devkitPro/libctru/lib\libctru.a(srvpm.o)
 .debug_abbrev  0x000038ff      0x320 C:/devkitPro/libctru/lib\libctru.a(fsreg.o)
 .debug_abbrev  0x00003c1f      0x620 C:/devkitPro/libctru/lib\libctru.a(fs.o)
 .debug_abbrev  0x0000423f      0x104 C:/devkitPro/libctru/lib\libctru.a(utf8_to_utf16.o)
 .debug_abbrev  0x00004343       0x93 C:/devkitPro/libctru/lib\libctru.a(decode_utf8.o)
 .debug_abbrev  0x000043d6      0x198 C:/devkitPro/libctru/lib\libctru.a(initArgv.o)
 .debug_abbrev  0x0000456e       0x12 C:/devkitPro/libctru/lib\libctru.a(svc.o)
 .debug_abbrev  0x00004580      0x1bf C:/devkitPro/libctru/lib\libctru.a(env.o)
 .debug_abbrev  0x0000473f       0x74 C:/devkitPro/libctru/lib\libctru.a(encode_utf16.o)

.debug_line     0x00000000    0x115fb
 *(.debug_line)
 .debug_line    0x00000000      0xd49 bps_patcher.o
 .debug_line    0x00000d49      0x74f 3dsx.o
 .debug_line    0x00001498      0x7d2 hbldr.o
 .debug_line    0x00001c6a      0x4c5 ifile.o
 .debug_line    0x0000212f      0xe7a loader.o
 .debug_line    0x00002fa9      0x659 main.o
 .debug_line    0x00003602      0x284 memory.o
 .debug_line    0x00003886      0x1f5 paslr.o
 .debug_line    0x00003a7b     0x1a3c patcher.o
 .debug_line    0x000054b7      0x695 service_manager.o
 .debug_line    0x00005b4c      0x160 strings.o
 .debug_line    0x00005cac     0x1654 C:/devkitPro/libctru/lib\libctru.a(synchronization.o)
 .debug_line    0x00007300      0xff2 C:/devkitPro/libctru/lib\libctru.a(srv.o)
 .debug_line    0x000082f2      0x4c6 C:/devkitPro/libctru/lib\libctru.a(pxipm.o)
 .debug_line    0x000087b8      0x6b9 C:/devkitPro/libctru/lib\libctru.a(srvpm.o)
 .debug_line    0x00008e71      0x69c C:/devkitPro/libctru/lib\libctru.a(fsreg.o)
 .debug_line    0x0000950d     0x6c0c C:/devkitPro/libctru/lib\libctru.a(fs.o)
 .debug_line    0x00010119      0x2aa C:/devkitPro/libctru/lib\libctru.a(utf8_to_utf16.o)
 .debug_line    0x000103c3      0x280 C:/devkitPro/libctru/lib\libctru.a(decode_utf8.o)
 .debug_line    0x00010643      0x429 C:/devkitPro/libctru/lib\libctru.a(initArgv.o)
 .debug_line    0x00010a6c      0x78f C:/devkitPro/libctru/lib\libctru.a(svc.o)
 .debug_line    0x000111fb      0x271 C:/devkitPro/libctru/lib\libctru.a(env.o)
 .debug_line    0x0001146c      0x18f C:/devkitPro/libctru/lib\libctru.a(encode_utf16.o)

.debug_frame    0x00000000     0x21dc
 *(.debug_frame)
 .debug_frame   0x00000000       0xbc bps_patcher.o
 .debug_frame   0x000000bc       0x60 3dsx.o
 .debug_frame   0x0000011c       0x8c hbldr.o
 .debug_frame   0x000001a8      0x15c ifile.o
 .debug_frame   0x00000304       0xa8 loader.o
 .debug_frame   0x000003ac       0x8c main.o
 .debug_frame   0x00000438       0x48 memory.o
 .debug_frame   0x00000480       0x34 paslr.o
 .debug_frame   0x000004b4      0x15c patcher.o
 .debug_frame   0x00000610       0x44 service_manager.o
 .debug_frame   0x00000654       0x28 strings.o
 .debug_frame   0x0000067c      0x2b4 C:/devkitPro/libctru/lib\libctru.a(synchronization.o)
 .debug_frame   0x00000930      0x254 C:/devkitPro/libctru/lib\libctru.a(srv.o)
 .debug_frame   0x00000b84       0x94 C:/devkitPro/libctru/lib\libctru.a(pxipm.o)
 .debug_frame   0x00000c18       0xb0 C:/devkitPro/libctru/lib\libctru.a(srvpm.o)
 .debug_frame   0x00000cc8       0xe0 C:/devkitPro/libctru/lib\libctru.a(fsreg.o)
 .debug_frame   0x00000da8      0xce8 C:/devkitPro/libctru/lib\libctru.a(fs.o)
 .debug_frame   0x00001a90       0x3c C:/devkitPro/libctru/lib\libctru.a(utf8_to_utf16.o)
 .debug_frame   0x00001acc       0x30 C:/devkitPro/libctru/lib\libctru.a(decode_utf8.o)
 .debug_frame   0x00001afc       0x34 C:/devkitPro/libctru/lib\libctru.a(initArgv.o)
 .debug_frame   0x00001b30      0x640 C:/devkitPro/libctru/lib\libctru.a(svc.o)
 .debug_frame   0x00002170       0x4c C:/devkitPro/libctru/lib\libctru.a(env.o)
 .debug_frame   0x000021bc       0x20 C:/devkitPro/libctru/lib\libctru.a(encode_utf16.o)

.debug_str      0x00000000     0xb24d
 *(.debug_str)
 .debug_str     0x00000000     0x68fa bps_patcher.o
                               0x6bb2 (size before relaxing)
 .debug_str     0x000068fa      0x53c 3dsx.o
                                0x728 (size before relaxing)
 .debug_str     0x00006e36      0xc9e hbldr.o
                               0x15b4 (size before relaxing)
 .debug_str     0x00007ad4      0x110 ifile.o
                                0x5ef (size before relaxing)
 .debug_str     0x00007be4      0x648 loader.o
                               0x18c1 (size before relaxing)
 .debug_str     0x0000822c      0x471 main.o
                                0xadc (size before relaxing)
 .debug_str     0x0000869d      0x13f memory.o
                                0x266 (size before relaxing)
 .debug_str     0x000087dc      0x130 paslr.o
                                0xa38 (size before relaxing)
 .debug_str     0x0000890c      0x64e patcher.o
                               0x13c0 (size before relaxing)
 .debug_str     0x00008f5a      0x180 service_manager.o
                                0x48c (size before relaxing)
 .debug_str     0x000090da       0x62 strings.o
                                0x22f (size before relaxing)
 .debug_str     0x0000913c      0x633 C:/devkitPro/libctru/lib\libctru.a(synchronization.o)
                                0x983 (size before relaxing)
 .debug_str     0x0000976f      0x2eb C:/devkitPro/libctru/lib\libctru.a(srv.o)
                                0xad7 (size before relaxing)
 .debug_str     0x00009a5a       0xda C:/devkitPro/libctru/lib\libctru.a(pxipm.o)
                                0x8e6 (size before relaxing)
 .debug_str     0x00009b34      0x119 C:/devkitPro/libctru/lib\libctru.a(srvpm.o)
                                0x580 (size before relaxing)
 .debug_str     0x00009c4d       0xe9 C:/devkitPro/libctru/lib\libctru.a(fsreg.o)
                                0x945 (size before relaxing)
 .debug_str     0x00009d36     0x116a C:/devkitPro/libctru/lib\libctru.a(fs.o)
                               0x1d13 (size before relaxing)
 .debug_str     0x0000aea0       0x92 C:/devkitPro/libctru/lib\libctru.a(utf8_to_utf16.o)
                                0x297 (size before relaxing)
 .debug_str     0x0000af32       0x87 C:/devkitPro/libctru/lib\libctru.a(decode_utf8.o)
                                0x257 (size before relaxing)
 .debug_str     0x0000afb9      0x115 C:/devkitPro/libctru/lib\libctru.a(initArgv.o)
                                0x2f6 (size before relaxing)
 .debug_str     0x0000b0ce       0x6a C:/devkitPro/libctru/lib\libctru.a(svc.o)
                                 0xc3 (size before relaxing)
 .debug_str     0x0000b138       0xa5 C:/devkitPro/libctru/lib\libctru.a(env.o)
                                0x2a4 (size before relaxing)
 .debug_str     0x0000b1dd       0x70 C:/devkitPro/libctru/lib\libctru.a(encode_utf16.o)
                                0x243 (size before relaxing)

.debug_loc
 *(.debug_loc)

.debug_macinfo
 *(.debug_macinfo)
LOAD C:/devkitPro/devkitARM/bin/../lib/gcc/arm-none-eabi/13.1.0/../../../../arm-none-eabi/lib/armv6k/fpu/3dsx_crt0.o
LOAD C:/devkitPro/devkitARM/bin/../lib/gcc/arm-none-eabi/13.1.0/armv6k/fpu/crti.o
LOAD C:/devkitPro/devkitARM/bin/../lib/gcc/arm-none-eabi/13.1.0/armv6k/fpu/crtbegin.o
Address of section .text set to 0x14000000
LOAD bps_patcher.o
LOAD 3dsx.o
LOAD hbldr.o
LOAD ifile.o
LOAD loader.o
LOAD main.o
LOAD memory.o
LOAD paslr.o
LOAD patcher.o
LOAD service_manager.o
LOAD strings.o
LOAD romfsredir.o
LOAD C:/devkitPro/libctru/lib\libctru.a
LOAD C:/devkitPro/devkitARM/bin/../lib/gcc/arm-none-eabi/13.1.0/../../../../arm-none-eabi/lib/armv6k/fpu\libstdc++.a
LOAD C:/devkitPro/devkitARM/bin/../lib/gcc/arm-none-eabi/13.1.0/../../../../arm-none-eabi/lib/armv6k/fpu\libm.a
START GROUP
LOAD C:/devkitPro/devkitARM/bin/../lib/gcc/arm-none-eabi/13.1.0/armv6k/fpu\libgcc.a
LOAD C:/devkitPro/devkitARM/bin/../lib/gcc/arm-none-eabi/13.1.0/../../../../arm-none-eabi/lib/armv6k/fpu\libg.a
LOAD C:/devkitPro/devkitARM/bin/../lib/gcc/arm-none-eabi/13.1.0/../../../../arm-none-eabi/lib/armv6k/fpu\libc.a
LOAD C:/devkitPro/devkitARM/bin/../lib/gcc/arm-none-eabi/13.1.0/../../../../arm-none-eabi/lib/armv6k/fpu\libsysbase.a
END GROUP
LOAD C:/devkitPro/devkitARM/bin/../lib/gcc/arm-none-eabi/13.1.0/armv6k/fpu/crtend.o
LOAD C:/devkitPro/devkitARM/bin/../lib/gcc/arm-none-eabi/13.1.0/armv6k/fpu/crtn.o
OUTPUT(C:/Users/gem/Downloads/3dspatch/800px/Luma3DS/sysmodules/loader/loader.elf elf32-littlearm)
LOAD linker stubs

.ARM.attributes
                0x00000000       0x30
 .ARM.attributes
                0x00000000       0x1e C:/devkitPro/devkitARM/bin/../lib/gcc/arm-none-eabi/13.1.0/../../../../arm-none-eabi/lib/armv6k/fpu/3dsx_crt0.o
 .ARM.attributes
                0x0000001e       0x1c C:/devkitPro/devkitARM/bin/../lib/gcc/arm-none-eabi/13.1.0/armv6k/fpu/crti.o
 .ARM.attributes
                0x0000003a       0x30 C:/devkitPro/devkitARM/bin/../lib/gcc/arm-none-eabi/13.1.0/armv6k/fpu/crtbegin.o
 .ARM.attributes
                0x0000006a       0x30 bps_patcher.o
 .ARM.attributes
                0x0000009a       0x30 3dsx.o
 .ARM.attributes
                0x000000ca       0x30 hbldr.o
 .ARM.attributes
                0x000000fa       0x30 ifile.o
 .ARM.attributes
                0x0000012a       0x30 loader.o
 .ARM.attributes
                0x0000015a       0x30 main.o
 .ARM.attributes
                0x0000018a       0x30 memory.o
 .ARM.attributes
                0x000001ba       0x30 paslr.o
 .ARM.attributes
                0x000001ea       0x30 patcher.o
 .ARM.attributes
                0x0000021a       0x30 service_manager.o
 .ARM.attributes
                0x0000024a       0x30 strings.o
 .ARM.attributes
                0x0000027a       0x1a romfsredir.o
 .ARM.attributes
                0x00000294       0x30 C:/devkitPro/libctru/lib\libctru.a(synchronization.o)
 .ARM.attributes
                0x000002c4       0x30 C:/devkitPro/libctru/lib\libctru.a(srv.o)
 .ARM.attributes
                0x000002f4       0x30 C:/devkitPro/libctru/lib\libctru.a(pxipm.o)
 .ARM.attributes
                0x00000324       0x30 C:/devkitPro/libctru/lib\libctru.a(srvpm.o)
 .ARM.attributes
                0x00000354       0x30 C:/devkitPro/libctru/lib\libctru.a(fsreg.o)
 .ARM.attributes
                0x00000384       0x30 C:/devkitPro/libctru/lib\libctru.a(fs.o)
 .ARM.attributes
                0x000003b4       0x30 C:/devkitPro/libctru/lib\libctru.a(utf8_to_utf16.o)
 .ARM.attributes
                0x000003e4       0x30 C:/devkitPro/libctru/lib\libctru.a(decode_utf8.o)
 .ARM.attributes
                0x00000414       0x30 C:/devkitPro/libctru/lib\libctru.a(initArgv.o)
 .ARM.attributes
                0x00000444       0x1a C:/devkitPro/libctru/lib\libctru.a(svc.o)
 .ARM.attributes
                0x0000045e       0x30 C:/devkitPro/libctru/lib\libctru.a(env.o)
 .ARM.attributes
                0x0000048e       0x30 C:/devkitPro/libctru/lib\libctru.a(encode_utf16.o)
 .ARM.attributes
                0x000004be       0x30 C:/devkitPro/devkitARM/bin/../lib/gcc/arm-none-eabi/13.1.0/../../../../arm-none-eabi/lib/armv6k/fpu\libg.a(libc_a-memcmp.o)
 .ARM.attributes
                0x000004ee       0x30 C:/devkitPro/devkitARM/bin/../lib/gcc/arm-none-eabi/13.1.0/../../../../arm-none-eabi/lib/armv6k/fpu\libg.a(libc_a-memmove.o)
 .ARM.attributes
                0x0000051e       0x30 C:/devkitPro/devkitARM/bin/../lib/gcc/arm-none-eabi/13.1.0/../../../../arm-none-eabi/lib/armv6k/fpu\libg.a(libc_a-memset.o)
 .ARM.attributes
                0x0000054e       0x30 C:/devkitPro/devkitARM/bin/../lib/gcc/arm-none-eabi/13.1.0/../../../../arm-none-eabi/lib/armv6k/fpu\libg.a(libc_a-strlen.o)
 .ARM.attributes
                0x0000057e       0x30 C:/devkitPro/devkitARM/bin/../lib/gcc/arm-none-eabi/13.1.0/../../../../arm-none-eabi/lib/armv6k/fpu\libg.a(libc_a-strncpy.o)
 .ARM.attributes
                0x000005ae       0x30 C:/devkitPro/devkitARM/bin/../lib/gcc/arm-none-eabi/13.1.0/../../../../arm-none-eabi/lib/armv6k/fpu\libg.a(libc_a-strnlen.o)
 .ARM.attributes
                0x000005de       0x1a C:/devkitPro/devkitARM/bin/../lib/gcc/arm-none-eabi/13.1.0/../../../../arm-none-eabi/lib/armv6k/fpu\libg.a(libc_a-strcmp.o)
 .ARM.attributes
                0x000005f8       0x30 C:/devkitPro/devkitARM/bin/../lib/gcc/arm-none-eabi/13.1.0/../../../../arm-none-eabi/lib/armv6k/fpu\libg.a(libc_a-memcpy-stub.o)
 .ARM.attributes
                0x00000628       0x1c C:/devkitPro/devkitARM/bin/../lib/gcc/arm-none-eabi/13.1.0/armv6k/fpu/crtn.o

.debug_loclists
                0x00000000     0xbf98
 .debug_loclists
                0x00000000      0xb32 bps_patcher.o
 .debug_loclists
                0x00000b32      0x4fb 3dsx.o
 .debug_loclists
                0x0000102d      0x3c7 hbldr.o
 .debug_loclists
                0x000013f4      0x663 ifile.o
 .debug_loclists
                0x00001a57      0xdb9 loader.o
 .debug_loclists
                0x00002810      0x127 main.o
 .debug_loclists
                0x00002937       0xfd memory.o
 .debug_loclists
                0x00002a34      0x109 paslr.o
 .debug_loclists
                0x00002b3d     0x2235 patcher.o
 .debug_loclists
                0x00004d72      0x56f service_manager.o
 .debug_loclists
                0x000052e1       0x53 strings.o
 .debug_loclists
                0x00005334     0x169f C:/devkitPro/libctru/lib\libctru.a(synchronization.o)
 .debug_loclists
                0x000069d3      0x6a3 C:/devkitPro/libctru/lib\libctru.a(srv.o)
 .debug_loclists
                0x00007076      0x161 C:/devkitPro/libctru/lib\libctru.a(pxipm.o)
 .debug_loclists
                0x000071d7      0x24b C:/devkitPro/libctru/lib\libctru.a(srvpm.o)
 .debug_loclists
                0x00007422      0x2b9 C:/devkitPro/libctru/lib\libctru.a(fsreg.o)
 .debug_loclists
                0x000076db     0x441f C:/devkitPro/libctru/lib\libctru.a(fs.o)
 .debug_loclists
                0x0000bafa       0x9f C:/devkitPro/libctru/lib\libctru.a(utf8_to_utf16.o)
 .debug_loclists
                0x0000bb99      0x1e3 C:/devkitPro/libctru/lib\libctru.a(decode_utf8.o)
 .debug_loclists
                0x0000bd7c       0xb5 C:/devkitPro/libctru/lib\libctru.a(initArgv.o)
 .debug_loclists
                0x0000be31       0xdf C:/devkitPro/libctru/lib\libctru.a(env.o)
 .debug_loclists
                0x0000bf10       0x88 C:/devkitPro/libctru/lib\libctru.a(encode_utf16.o)

.debug_rnglists
                0x00000000     0x27b3
 .debug_rnglists
                0x00000000      0x26d bps_patcher.o
 .debug_rnglists
                0x0000026d       0x7d 3dsx.o
 .debug_rnglists
                0x000002ea       0x80 hbldr.o
 .debug_rnglists
                0x0000036a       0x72 ifile.o
 .debug_rnglists
                0x000003dc      0x20b loader.o
 .debug_rnglists
                0x000005e7       0x71 main.o
 .debug_rnglists
                0x00000658       0x23 memory.o
 .debug_rnglists
                0x0000067b       0x4c paslr.o
 .debug_rnglists
                0x000006c7      0x371 patcher.o
 .debug_rnglists
                0x00000a38       0xd8 service_manager.o
 .debug_rnglists
                0x00000b10       0x1f strings.o
 .debug_rnglists
                0x00000b2f      0x3c5 C:/devkitPro/libctru/lib\libctru.a(synchronization.o)
 .debug_rnglists
                0x00000ef4      0x17c C:/devkitPro/libctru/lib\libctru.a(srv.o)
 .debug_rnglists
                0x00001070       0x55 C:/devkitPro/libctru/lib\libctru.a(pxipm.o)
 .debug_rnglists
                0x000010c5       0xe9 C:/devkitPro/libctru/lib\libctru.a(srvpm.o)
 .debug_rnglists
                0x000011ae       0x9b C:/devkitPro/libctru/lib\libctru.a(fsreg.o)
 .debug_rnglists
                0x00001249     0x1296 C:/devkitPro/libctru/lib\libctru.a(fs.o)
 .debug_rnglists
                0x000024df       0x14 C:/devkitPro/libctru/lib\libctru.a(utf8_to_utf16.o)
 .debug_rnglists
                0x000024f3       0x14 C:/devkitPro/libctru/lib\libctru.a(decode_utf8.o)
 .debug_rnglists
                0x00002507       0x20 C:/devkitPro/libctru/lib\libctru.a(initArgv.o)
 .debug_rnglists
                0x00002527      0x25f C:/devkitPro/libctru/lib\libctru.a(svc.o)
 .debug_rnglists
                0x00002786       0x1a C:/devkitPro/libctru/lib\libctru.a(env.o)
 .debug_rnglists
                0x000027a0       0x13 C:/devkitPro/libctru/lib\libctru.a(encode_utf16.o)

.debug_line_str
                0x00000000       0xb7
 .debug_line_str
                0x00000000       0xb7 C:/devkitPro/libctru/lib\libctru.a(svc.o)
